<?xml version="1.0" encoding="utf-8"?><testsuites name="pytest tests"><testsuite name="pytest" errors="0" failures="0" skipped="3" tests="1362" time="36.992" timestamp="2025-07-16T16:58:00.296153-07:00" hostname="DadsLaptop"><testcase classname="tests.unit.test_additional_coverage.TestSettingsAdditionalCoverage" name="test_model_dump_format" time="0.017" /><testcase classname="tests.unit.test_additional_coverage.TestSettingsAdditionalCoverage" name="test_settings_string_representation" time="0.001" /><testcase classname="tests.unit.test_additional_coverage.TestSettingsAdditionalCoverage" name="test_settings_field_access" time="0.001" /><testcase classname="tests.unit.test_additional_coverage.TestSettingsAdditionalCoverage" name="test_settings_model_config_access" time="0.001" /><testcase classname="tests.unit.test_additional_coverage.TestSettingsAdditionalCoverage" name="test_settings_validation_with_valid_data" time="0.001" /><testcase classname="tests.unit.test_additional_coverage.TestSettingsAdditionalCoverage" name="test_settings_creation_with_minimal_data" time="0.001" /><testcase classname="tests.unit.test_additional_coverage.TestEncryptionErrorCoverage" name="test_encryption_error_creation" time="0.000" /><testcase classname="tests.unit.test_additional_coverage.TestEncryptionErrorCoverage" name="test_encryption_error_with_multiple_args" time="0.000" /><testcase classname="tests.unit.test_additional_coverage.TestEncryptionErrorCoverage" name="test_gpg_error_creation" time="0.000" /><testcase classname="tests.unit.test_additional_coverage.TestEncryptionErrorCoverage" name="test_gpg_error_with_multiple_args" time="0.000" /><testcase classname="tests.unit.test_additional_coverage.TestSettingsEnvironmentVariables" name="test_settings_from_environment_app_name" time="0.001" /><testcase classname="tests.unit.test_additional_coverage.TestSettingsEnvironmentVariables" name="test_settings_from_environment_version" time="0.001" /><testcase classname="tests.unit.test_additional_coverage.TestSettingsEnvironmentVariables" name="test_settings_from_environment_environment" time="0.001" /><testcase classname="tests.unit.test_additional_coverage.TestSettingsEnvironmentVariables" name="test_settings_from_environment_debug" time="0.001" /><testcase classname="tests.unit.test_additional_coverage.TestSettingsEnvironmentVariables" name="test_settings_from_environment_api_host" time="0.001" /><testcase classname="tests.unit.test_additional_coverage.TestSettingsEnvironmentVariables" name="test_settings_from_environment_api_port" time="0.001" /><testcase classname="tests.unit.test_additional_coverage.TestSettingsValidationEdgeCases" name="test_port_validation_minimum" time="0.001" /><testcase classname="tests.unit.test_additional_coverage.TestSettingsValidationEdgeCases" name="test_port_validation_maximum" time="0.001" /><testcase classname="tests.unit.test_additional_coverage.TestSettingsValidationEdgeCases" name="test_version_validation_simple" time="0.001" /><testcase classname="tests.unit.test_additional_coverage.TestSettingsValidationEdgeCases" name="test_version_validation_complex" time="0.001" /><testcase classname="tests.unit.test_additional_coverage.TestSettingsValidationEdgeCases" name="test_app_name_validation_simple" time="0.001" /><testcase classname="tests.unit.test_additional_coverage.TestSettingsValidationEdgeCases" name="test_app_name_validation_with_spaces" time="0.001" /><testcase classname="tests.unit.test_additional_coverage.TestSettingsValidationEdgeCases" name="test_app_name_validation_with_hyphens" time="0.001" /><testcase classname="tests.unit.test_additional_coverage.TestSimpleUtilityCoverage" name="test_path_operations" time="0.000" /><testcase classname="tests.unit.test_additional_coverage.TestSimpleUtilityCoverage" name="test_basic_string_operations" time="0.000" /><testcase classname="tests.unit.test_additional_coverage.TestSimpleUtilityCoverage" name="test_basic_dict_operations" time="0.000" /><testcase classname="tests.unit.test_additional_coverage.TestSimpleUtilityCoverage" name="test_basic_list_operations" time="0.000" /><testcase classname="tests.unit.test_agent_models.TestAgentInput" name="test_agent_input_creation_success" time="0.000" /><testcase classname="tests.unit.test_agent_models.TestAgentInput" name="test_agent_input_minimal_creation" time="0.000" /><testcase classname="tests.unit.test_agent_models.TestAgentInput" name="test_agent_input_request_id_generation" time="0.000" /><testcase classname="tests.unit.test_agent_models.TestAgentInput" name="test_agent_input_content_validation[empty]" time="0.000" /><testcase classname="tests.unit.test_agent_models.TestAgentInput" name="test_agent_input_content_validation[whitespace]" time="0.000" /><testcase classname="tests.unit.test_agent_models.TestAgentInput" name="test_agent_input_content_validation[whitespace-mixed]" time="0.000" /><testcase classname="tests.unit.test_agent_models.TestAgentInput" name="test_agent_input_content_validation[too-long]" time="0.000" /><testcase classname="tests.unit.test_agent_models.TestAgentInput" name="test_agent_input_content_whitespace_trimming" time="0.000" /><testcase classname="tests.unit.test_agent_models.TestAgentInput" name="test_agent_input_context_validation[not-dict]" time="0.000" /><testcase classname="tests.unit.test_agent_models.TestAgentInput" name="test_agent_input_context_validation[non-string-key]" time="0.001" /><testcase classname="tests.unit.test_agent_models.TestAgentInput" name="test_agent_input_context_validation[mixed-key-types]" time="0.000" /><testcase classname="tests.unit.test_agent_models.TestAgentInput" name="test_agent_input_config_overrides_validation[not-dict]" time="0.000" /><testcase classname="tests.unit.test_agent_models.TestAgentInput" name="test_agent_input_config_overrides_validation[non-string-key]" time="0.000" /><testcase classname="tests.unit.test_agent_models.TestAgentInput" name="test_agent_input_config_overrides_validation[mixed-key-types]" time="0.000" /><testcase classname="tests.unit.test_agent_models.TestAgentInput" name="test_agent_input_cross_field_validation_code_content" time="0.001" /><testcase classname="tests.unit.test_agent_models.TestAgentInput" name="test_agent_input_cross_field_validation_regular_content" time="0.000" /><testcase classname="tests.unit.test_agent_models.TestAgentInput" name="test_agent_input_security_content" time="0.000" /><testcase classname="tests.unit.test_agent_models.TestAgentInput" name="test_agent_input_serialization" time="0.000" /><testcase classname="tests.unit.test_agent_models.TestAgentInput" name="test_agent_input_deserialization" time="0.000" /><testcase classname="tests.unit.test_agent_models.TestAgentOutput" name="test_agent_output_creation_success" time="0.000" /><testcase classname="tests.unit.test_agent_models.TestAgentOutput" name="test_agent_output_minimal_creation" time="0.000" /><testcase classname="tests.unit.test_agent_models.TestAgentOutput" name="test_agent_output_content_validation[empty]" time="0.000" /><testcase classname="tests.unit.test_agent_models.TestAgentOutput" name="test_agent_output_content_validation[whitespace]" time="0.000" /><testcase classname="tests.unit.test_agent_models.TestAgentOutput" name="test_agent_output_content_validation[whitespace-mixed]" time="0.000" /><testcase classname="tests.unit.test_agent_models.TestAgentOutput" name="test_agent_output_content_validation[too-long]" time="0.001" /><testcase classname="tests.unit.test_agent_models.TestAgentOutput" name="test_agent_output_content_whitespace_trimming" time="0.000" /><testcase classname="tests.unit.test_agent_models.TestAgentOutput" name="test_agent_output_confidence_validation[negative]" time="0.000" /><testcase classname="tests.unit.test_agent_models.TestAgentOutput" name="test_agent_output_confidence_validation[too-high]" time="0.000" /><testcase classname="tests.unit.test_agent_models.TestAgentOutput" name="test_agent_output_confidence_validation[not-number]" time="0.000" /><testcase classname="tests.unit.test_agent_models.TestAgentOutput" name="test_agent_output_processing_time_validation[negative]" time="0.000" /><testcase classname="tests.unit.test_agent_models.TestAgentOutput" name="test_agent_output_processing_time_validation[not-number]" time="0.000" /><testcase classname="tests.unit.test_agent_models.TestAgentOutput" name="test_agent_output_agent_id_validation[empty]" time="0.000" /><testcase classname="tests.unit.test_agent_models.TestAgentOutput" name="test_agent_output_agent_id_validation[whitespace]" time="0.000" /><testcase classname="tests.unit.test_agent_models.TestAgentOutput" name="test_agent_output_agent_id_validation[dash]" time="0.000" /><testcase classname="tests.unit.test_agent_models.TestAgentOutput" name="test_agent_output_agent_id_validation[space]" time="0.000" /><testcase classname="tests.unit.test_agent_models.TestAgentOutput" name="test_agent_output_agent_id_validation[special-char]" time="0.000" /><testcase classname="tests.unit.test_agent_models.TestAgentOutput" name="test_agent_output_agent_id_whitespace_trimming" time="0.000" /><testcase classname="tests.unit.test_agent_models.TestAgentOutput" name="test_agent_output_metadata_validation[not-dict]" time="0.000" /><testcase classname="tests.unit.test_agent_models.TestAgentOutput" name="test_agent_output_metadata_validation[non-string-key]" time="0.000" /><testcase classname="tests.unit.test_agent_models.TestAgentOutput" name="test_agent_output_metadata_validation[mixed-key-types]" time="0.000" /><testcase classname="tests.unit.test_agent_models.TestAgentOutput" name="test_agent_output_cross_field_validation_warning" time="0.000" /><testcase classname="tests.unit.test_agent_models.TestAgentOutput" name="test_agent_output_serialization" time="0.000" /><testcase classname="tests.unit.test_agent_models.TestAgentOutput" name="test_agent_output_deserialization" time="0.000" /><testcase classname="tests.unit.test_agent_models.TestAgentConfig" name="test_agent_config_creation_success" time="0.000" /><testcase classname="tests.unit.test_agent_models.TestAgentConfig" name="test_agent_config_minimal_creation" time="0.000" /><testcase classname="tests.unit.test_agent_models.TestAgentConfig" name="test_agent_config_disabled_agent" time="0.000" /><testcase classname="tests.unit.test_agent_models.TestAgentConfig" name="test_agent_config_agent_id_validation[empty]" time="0.000" /><testcase classname="tests.unit.test_agent_models.TestAgentConfig" name="test_agent_config_agent_id_validation[whitespace]" time="0.000" /><testcase classname="tests.unit.test_agent_models.TestAgentConfig" name="test_agent_config_agent_id_validation[dash]" time="0.000" /><testcase classname="tests.unit.test_agent_models.TestAgentConfig" name="test_agent_config_agent_id_validation[space]" time="0.000" /><testcase classname="tests.unit.test_agent_models.TestAgentConfig" name="test_agent_config_agent_id_validation[special-char]" time="0.000" /><testcase classname="tests.unit.test_agent_models.TestAgentConfig" name="test_agent_config_agent_id_whitespace_trimming" time="0.000" /><testcase classname="tests.unit.test_agent_models.TestAgentConfig" name="test_agent_config_name_validation[empty]" time="0.000" /><testcase classname="tests.unit.test_agent_models.TestAgentConfig" name="test_agent_config_name_validation[whitespace]" time="0.000" /><testcase classname="tests.unit.test_agent_models.TestAgentConfig" name="test_agent_config_name_whitespace_trimming" time="0.000" /><testcase classname="tests.unit.test_agent_models.TestAgentConfig" name="test_agent_config_description_validation[empty]" time="0.000" /><testcase classname="tests.unit.test_agent_models.TestAgentConfig" name="test_agent_config_description_validation[whitespace]" time="0.000" /><testcase classname="tests.unit.test_agent_models.TestAgentConfig" name="test_agent_config_description_whitespace_trimming" time="0.000" /><testcase classname="tests.unit.test_agent_models.TestAgentConfig" name="test_agent_config_complex_config" time="0.000" /><testcase classname="tests.unit.test_agent_models.TestAgentConfig" name="test_agent_config_serialization" time="0.000" /><testcase classname="tests.unit.test_agent_models.TestAgentConfig" name="test_agent_config_deserialization" time="0.000" /><testcase classname="tests.unit.test_agent_models.TestAgentConfig" name="test_agent_config_security_validation" time="0.000" /><testcase classname="tests.unit.test_agent_models.TestAgentConfig" name="test_agent_config_arbitrary_types[string]" time="0.000" /><testcase classname="tests.unit.test_agent_models.TestAgentConfig" name="test_agent_config_arbitrary_types[number]" time="0.000" /><testcase classname="tests.unit.test_agent_models.TestAgentConfig" name="test_agent_config_arbitrary_types[boolean]" time="0.000" /><testcase classname="tests.unit.test_agent_models.TestAgentConfig" name="test_agent_config_arbitrary_types[list]" time="0.000" /><testcase classname="tests.unit.test_agent_models.TestAgentConfig" name="test_agent_config_arbitrary_types[dict]" time="0.000" /><testcase classname="tests.unit.test_agent_models.TestAgentConfig" name="test_agent_config_arbitrary_types[none]" time="0.000" /><testcase classname="tests.unit.test_agent_performance.TestAgentPerformanceMonitoring" name="test_timing_accuracy_edge_cases" time="0.001" /><testcase classname="tests.unit.test_agent_performance.TestAgentPerformanceMonitoring" name="test_performance_metadata_accuracy" time="0.114" /><testcase classname="tests.unit.test_agent_performance.TestAgentPerformanceMonitoring" name="test_performance_monitoring_under_load" time="0.045" /><testcase classname="tests.unit.test_agent_performance.TestAgentPerformanceMonitoring" name="test_timeout_boundary_conditions" time="0.002" /><testcase classname="tests.unit.test_agent_performance.TestAgentPerformanceMonitoring" name="test_performance_with_config_overrides" time="0.056" /><testcase classname="tests.unit.test_agent_performance.TestAgentPerformanceMonitoring" name="test_performance_monitoring_error_conditions" time="0.013" /><testcase classname="tests.unit.test_agent_performance.TestAgentPerformanceMonitoring" name="test_performance_history_tracking" time="0.114" /><testcase classname="tests.unit.test_agent_performance.TestAgentPerformanceMonitoring" name="test_performance_monitoring_edge_cases" time="0.001" /><testcase classname="tests.unit.test_agent_performance.TestAgentPerformanceMonitoring" name="test_registry_performance_with_many_agents" time="0.011" /><testcase classname="tests.unit.test_agent_performance.TestAgentPerformanceMonitoring" name="test_memory_usage_monitoring" time="0.100" /><testcase classname="tests.unit.test_agent_registry.TestAgentRegistry" name="test_agent_registry_initialization" time="0.000" /><testcase classname="tests.unit.test_agent_registry.TestAgentRegistry" name="test_agent_registry_register_decorator" time="0.000" /><testcase classname="tests.unit.test_agent_registry.TestAgentRegistry" name="test_agent_registry_register_duplicate_agent_id" time="0.000" /><testcase classname="tests.unit.test_agent_registry.TestAgentRegistry" name="test_agent_registry_invalid_agent_id[empty]" time="0.000" /><testcase classname="tests.unit.test_agent_registry.TestAgentRegistry" name="test_agent_registry_invalid_agent_id[none]" time="0.000" /><testcase classname="tests.unit.test_agent_registry.TestAgentRegistry" name="test_agent_registry_invalid_agent_id[dash]" time="0.000" /><testcase classname="tests.unit.test_agent_registry.TestAgentRegistry" name="test_agent_registry_invalid_agent_id[space]" time="0.000" /><testcase classname="tests.unit.test_agent_registry.TestAgentRegistry" name="test_agent_registry_invalid_agent_id[special-char]" time="0.000" /><testcase classname="tests.unit.test_agent_registry.TestAgentRegistry" name="test_agent_registry_invalid_agent_class" time="0.000" /><testcase classname="tests.unit.test_agent_registry.TestAgentRegistry" name="test_agent_registry_missing_execute_method" time="0.000" /><testcase classname="tests.unit.test_agent_registry.TestAgentRegistry" name="test_agent_registry_non_async_execute_method" time="0.000" /><testcase classname="tests.unit.test_agent_registry.TestAgentRegistry" name="test_agent_registry_get_agent_class" time="0.000" /><testcase classname="tests.unit.test_agent_registry.TestAgentRegistry" name="test_agent_registry_get_agent_class_not_found" time="0.000" /><testcase classname="tests.unit.test_agent_registry.TestAgentRegistry" name="test_agent_registry_get_agent_instance" time="0.001" /><testcase classname="tests.unit.test_agent_registry.TestAgentRegistry" name="test_agent_registry_get_agent_with_auto_agent_id" time="0.000" /><testcase classname="tests.unit.test_agent_registry.TestAgentRegistry" name="test_agent_registry_get_agent_instantiation_error" time="0.000" /><testcase classname="tests.unit.test_agent_registry.TestAgentRegistry" name="test_agent_registry_get_cached_agent" time="0.000" /><testcase classname="tests.unit.test_agent_registry.TestAgentRegistry" name="test_agent_registry_get_cached_agent_different_config" time="0.000" /><testcase classname="tests.unit.test_agent_registry.TestAgentRegistry" name="test_agent_registry_capabilities_storage" time="0.001" /><testcase classname="tests.unit.test_agent_registry.TestAgentRegistry" name="test_agent_registry_find_agents_by_capability" time="0.001" /><testcase classname="tests.unit.test_agent_registry.TestAgentRegistry" name="test_agent_registry_find_agents_by_type" time="0.001" /><testcase classname="tests.unit.test_agent_registry.TestAgentRegistry" name="test_agent_registry_get_agent_info" time="0.000" /><testcase classname="tests.unit.test_agent_registry.TestAgentRegistry" name="test_agent_registry_get_agent_info_not_found" time="0.000" /><testcase classname="tests.unit.test_agent_registry.TestAgentRegistry" name="test_agent_registry_unregister" time="0.001" /><testcase classname="tests.unit.test_agent_registry.TestAgentRegistry" name="test_agent_registry_unregister_not_found" time="0.000" /><testcase classname="tests.unit.test_agent_registry.TestAgentRegistry" name="test_agent_registry_clear" time="0.001" /><testcase classname="tests.unit.test_agent_registry.TestAgentRegistry" name="test_agent_registry_status" time="0.000" /><testcase classname="tests.unit.test_agent_registry.TestAgentRegistry" name="test_agent_registry_container_methods" time="0.000" /><testcase classname="tests.unit.test_agent_registry.TestAgentRegistry" name="test_agent_registry_logging" time="0.001" /><testcase classname="tests.unit.test_agent_registry.TestAgentRegistry" name="test_global_agent_registry_singleton" time="0.000" /><testcase classname="tests.unit.test_agent_registry.TestAgentRegistry" name="test_agent_registry_full_lifecycle" time="0.001" /><testcase classname="tests.unit.test_agent_registry.TestAgentRegistry" name="test_agent_registry_security_validation" time="0.001" /><testcase classname="tests.unit.test_base_agent.TestBaseAgent" name="test_base_agent_cannot_be_instantiated" time="0.000" /><testcase classname="tests.unit.test_base_agent.TestBaseAgent" name="test_base_agent_subclass_creation" time="0.000" /><testcase classname="tests.unit.test_base_agent.TestBaseAgent" name="test_base_agent_missing_agent_id" time="0.000" /><testcase classname="tests.unit.test_base_agent.TestBaseAgent" name="test_base_agent_agent_id_validation[empty]" time="0.000" /><testcase classname="tests.unit.test_base_agent.TestBaseAgent" name="test_base_agent_agent_id_validation[dash]" time="0.000" /><testcase classname="tests.unit.test_base_agent.TestBaseAgent" name="test_base_agent_agent_id_validation[space]" time="0.000" /><testcase classname="tests.unit.test_base_agent.TestBaseAgent" name="test_base_agent_agent_id_validation[special-char]" time="0.000" /><testcase classname="tests.unit.test_base_agent.TestBaseAgent" name="test_base_agent_config_validation" time="0.000" /><testcase classname="tests.unit.test_base_agent.TestBaseAgent" name="test_base_agent_custom_validation" time="0.001" /><testcase classname="tests.unit.test_base_agent.TestBaseAgent" name="test_base_agent_config_merging" time="0.000" /><testcase classname="tests.unit.test_base_agent.TestBaseAgent" name="test_base_agent_create_output_helper" time="0.000" /><testcase classname="tests.unit.test_base_agent.TestBaseAgent" name="test_base_agent_execute_with_timeout_success" time="0.109" /><testcase classname="tests.unit.test_base_agent.TestBaseAgent" name="test_base_agent_execute_with_timeout_failure" time="0.512" /><testcase classname="tests.unit.test_base_agent.TestBaseAgent" name="test_base_agent_execute_with_default_timeout" time="0.002" /><testcase classname="tests.unit.test_base_agent.TestBaseAgent" name="test_base_agent_process_success" time="0.001" /><testcase classname="tests.unit.test_base_agent.TestBaseAgent" name="test_base_agent_process_not_initialized" time="0.001" /><testcase classname="tests.unit.test_base_agent.TestBaseAgent" name="test_base_agent_process_with_config_overrides" time="0.001" /><testcase classname="tests.unit.test_base_agent.TestBaseAgent" name="test_base_agent_process_execution_error" time="0.001" /><testcase classname="tests.unit.test_base_agent.TestBaseAgent" name="test_base_agent_process_logging" time="0.002" /><testcase classname="tests.unit.test_base_agent.TestBaseAgent" name="test_base_agent_get_capabilities" time="0.000" /><testcase classname="tests.unit.test_base_agent.TestBaseAgent" name="test_base_agent_get_status" time="0.000" /><testcase classname="tests.unit.test_base_agent.TestBaseAgent" name="test_base_agent_string_representation" time="0.000" /><testcase classname="tests.unit.test_base_agent.TestBaseAgent" name="test_base_agent_initialization_error_handling" time="0.000" /><testcase classname="tests.unit.test_base_agent.TestBaseAgent" name="test_base_agent_abstract_execute_method" time="0.001" /><testcase classname="tests.unit.test_base_agent.TestBaseAgent" name="test_base_agent_performance_timing" time="0.110" /><testcase classname="tests.unit.test_base_agent.TestBaseAgent" name="test_base_agent_security_input_handling" time="0.002" /><testcase classname="tests.unit.test_base_agent_comprehensive.TestBaseAgent" name="test_concrete_agent_implementation" time="0.000" /><testcase classname="tests.unit.test_base_agent_comprehensive.TestBaseAgent" name="test_base_agent_initialization_valid_config" time="0.000" /><testcase classname="tests.unit.test_base_agent_comprehensive.TestBaseAgent" name="test_base_agent_initialization_invalid_config_type" time="0.000" /><testcase classname="tests.unit.test_base_agent_comprehensive.TestBaseAgent" name="test_base_agent_initialization_missing_agent_id" time="0.000" /><testcase classname="tests.unit.test_base_agent_comprehensive.TestBaseAgent" name="test_base_agent_initialization_empty_agent_id" time="0.000" /><testcase classname="tests.unit.test_base_agent_comprehensive.TestBaseAgent" name="test_base_agent_initialization_invalid_agent_id_format" time="0.000" /><testcase classname="tests.unit.test_base_agent_comprehensive.TestBaseAgent" name="test_validate_agent_id_valid_formats" time="0.001" /><testcase classname="tests.unit.test_base_agent_comprehensive.TestBaseAgent" name="test_validate_agent_id_invalid_formats" time="0.000" /><testcase classname="tests.unit.test_base_agent_comprehensive.TestBaseAgent" name="test_validate_configuration_base_implementation" time="0.000" /><testcase classname="tests.unit.test_base_agent_comprehensive.TestBaseAgent" name="test_validate_configuration_custom_override" time="0.000" /><testcase classname="tests.unit.test_base_agent_comprehensive.TestBaseAgent" name="test_merge_config_no_overrides" time="0.000" /><testcase classname="tests.unit.test_base_agent_comprehensive.TestBaseAgent" name="test_merge_config_with_overrides" time="0.000" /><testcase classname="tests.unit.test_base_agent_comprehensive.TestBaseAgent" name="test_merge_config_preserves_original" time="0.000" /><testcase classname="tests.unit.test_base_agent_comprehensive.TestBaseAgent" name="test_create_output_minimal" time="0.000" /><testcase classname="tests.unit.test_base_agent_comprehensive.TestBaseAgent" name="test_create_output_full_parameters" time="0.000" /><testcase classname="tests.unit.test_base_agent_comprehensive.TestBaseAgent" name="test_execute_with_timeout_success" time="0.104" /><testcase classname="tests.unit.test_base_agent_comprehensive.TestBaseAgent" name="test_execute_with_timeout_times_out" time="0.110" /><testcase classname="tests.unit.test_base_agent_comprehensive.TestBaseAgent" name="test_execute_with_timeout_uses_config_timeout" time="0.110" /><testcase classname="tests.unit.test_base_agent_comprehensive.TestBaseAgent" name="test_execute_with_timeout_execution_error" time="0.001" /><testcase classname="tests.unit.test_base_agent_comprehensive.TestBaseAgent" name="test_process_successful_execution" time="0.001" /><testcase classname="tests.unit.test_base_agent_comprehensive.TestBaseAgent" name="test_process_not_initialized_error" time="0.001" /><testcase classname="tests.unit.test_base_agent_comprehensive.TestBaseAgent" name="test_process_with_config_overrides" time="0.001" /><testcase classname="tests.unit.test_base_agent_comprehensive.TestBaseAgent" name="test_process_config_overrides_restoration" time="0.001" /><testcase classname="tests.unit.test_base_agent_comprehensive.TestBaseAgent" name="test_process_metrics_recording" time="0.002" /><testcase classname="tests.unit.test_base_agent_comprehensive.TestBaseAgent" name="test_process_error_metrics_recording" time="0.001" /><testcase classname="tests.unit.test_base_agent_comprehensive.TestBaseAgent" name="test_process_structured_logging" time="0.001" /><testcase classname="tests.unit.test_base_agent_comprehensive.TestBaseAgent" name="test_get_capabilities_default" time="0.000" /><testcase classname="tests.unit.test_base_agent_comprehensive.TestBaseAgent" name="test_get_capabilities_custom_override" time="0.000" /><testcase classname="tests.unit.test_base_agent_comprehensive.TestBaseAgent" name="test_get_status" time="0.000" /><testcase classname="tests.unit.test_base_agent_comprehensive.TestBaseAgent" name="test_string_representations" time="0.000" /><testcase classname="tests.unit.test_base_agent_comprehensive.TestBaseAgent" name="test_base_agent_type_alias" time="0.000" /><testcase classname="tests.unit.test_base_agent_comprehensive.TestBaseAgent" name="test_module_exports" time="0.000" /><testcase classname="tests.unit.test_base_agent_comprehensive.TestBaseAgent" name="test_initialization_logging" time="0.001" /><testcase classname="tests.unit.test_base_agent_comprehensive.TestBaseAgent" name="test_initialization_error_logging" time="0.002" /><testcase classname="tests.unit.test_base_agent_comprehensive.TestBaseAgent" name="test_process_timing_accuracy" time="0.110" /><testcase classname="tests.unit.test_base_agent_comprehensive.TestBaseAgent" name="test_process_with_context_and_metadata" time="0.001" /><testcase classname="tests.unit.test_base_agent_comprehensive.TestBaseAgent" name="test_abstract_method_enforcement" time="0.001" /><testcase classname="tests.unit.test_base_agent_comprehensive.TestBaseAgent" name="test_config_isolation" time="0.000" /><testcase classname="tests.unit.test_basic_functionality.TestBasicConfiguration" name="test_get_settings" time="0.000" /><testcase classname="tests.unit.test_basic_functionality.TestBasicConfiguration" name="test_configuration_status" time="0.022" /><testcase classname="tests.unit.test_basic_functionality.TestBasicConfiguration" name="test_configuration_health_summary" time="0.022" /><testcase classname="tests.unit.test_basic_functionality.TestBasicConfiguration" name="test_validate_configuration_on_startup" time="0.011" /><testcase classname="tests.unit.test_basic_functionality.TestSecurityModules" name="test_security_imports" time="0.000" /><testcase classname="tests.unit.test_basic_functionality.TestSecurityModules" name="test_audit_event_types" time="0.000" /><testcase classname="tests.unit.test_basic_functionality.TestSecurityModules" name="test_rate_limits_constants" time="0.000" /><testcase classname="tests.unit.test_basic_functionality.TestSecurityModules" name="test_input_validation_fields" time="0.000" /><testcase classname="tests.unit.test_circuit_breaker.TestCircuitBreakerConfig" name="test_valid_config_creation" time="0.000" /><testcase classname="tests.unit.test_circuit_breaker.TestCircuitBreakerConfig" name="test_default_config_values" time="0.000" /><testcase classname="tests.unit.test_circuit_breaker.TestCircuitBreakerConfig" name="test_invalid_failure_threshold" time="0.000" /><testcase classname="tests.unit.test_circuit_breaker.TestCircuitBreakerConfig" name="test_invalid_success_threshold" time="0.000" /><testcase classname="tests.unit.test_circuit_breaker.TestCircuitBreakerConfig" name="test_invalid_recovery_timeout" time="0.000" /><testcase classname="tests.unit.test_circuit_breaker.TestCircuitBreakerConfig" name="test_invalid_max_retries" time="0.000" /><testcase classname="tests.unit.test_circuit_breaker.TestCircuitBreakerConfig" name="test_invalid_base_delay" time="0.000" /><testcase classname="tests.unit.test_circuit_breaker.TestCircuitBreakerConfig" name="test_invalid_backoff_multiplier" time="0.000" /><testcase classname="tests.unit.test_circuit_breaker.TestCircuitBreakerMetrics" name="test_success_rate_calculation" time="0.000" /><testcase classname="tests.unit.test_circuit_breaker.TestCircuitBreakerMetrics" name="test_failure_rate_calculation" time="0.000" /><testcase classname="tests.unit.test_circuit_breaker.TestCircuitBreakerStates" name="test_initial_state" time="0.000" /><testcase classname="tests.unit.test_circuit_breaker.TestCircuitBreakerStates" name="test_successful_call_sync" time="0.000" /><testcase classname="tests.unit.test_circuit_breaker.TestCircuitBreakerStates" name="test_successful_call_async" time="0.001" /><testcase classname="tests.unit.test_circuit_breaker.TestCircuitBreakerStates" name="test_failing_calls_transition_to_open" time="0.000" /><testcase classname="tests.unit.test_circuit_breaker.TestCircuitBreakerStates" name="test_open_circuit_rejects_requests" time="0.000" /><testcase classname="tests.unit.test_circuit_breaker.TestCircuitBreakerStates" name="test_half_open_recovery" time="2.035" /><testcase classname="tests.unit.test_circuit_breaker.TestCircuitBreakerStates" name="test_decorator_functionality" time="0.001" /><testcase classname="tests.unit.test_circuit_breaker.TestCircuitBreakerStates" name="test_async_decorator_functionality" time="0.326" /><testcase classname="tests.unit.test_circuit_breaker.TestCircuitBreakerStates" name="test_thread_safety" time="0.003" /><testcase classname="tests.unit.test_circuit_breaker.TestCircuitBreakerStates" name="test_reset_functionality" time="0.001" /><testcase classname="tests.unit.test_circuit_breaker.TestCircuitBreakerStates" name="test_force_state_changes" time="0.000" /><testcase classname="tests.unit.test_circuit_breaker.TestCircuitBreakerStates" name="test_health_status_reporting" time="0.000" /><testcase classname="tests.unit.test_circuit_breaker.TestCircuitBreakerRetries" name="test_retry_with_eventual_success" time="0.036" /><testcase classname="tests.unit.test_circuit_breaker.TestCircuitBreakerRetries" name="test_retry_exhaustion" time="0.080" /><testcase classname="tests.unit.test_circuit_breaker.TestCircuitBreakerHealthChecks" name="test_health_check_function" time="0.001" /><testcase classname="tests.unit.test_circuit_breaker.TestCircuitBreakerHealthChecks" name="test_health_check_failure" time="0.001" /><testcase classname="tests.unit.test_circuit_breaker.TestCircuitBreakerHealthChecks" name="test_health_monitoring_lifecycle" time="0.256" /><testcase classname="tests.unit.test_circuit_breaker.TestCircuitBreakerFactory" name="test_create_config_from_settings" time="0.000" /><testcase classname="tests.unit.test_circuit_breaker.TestCircuitBreakerFactory" name="test_circuit_breaker_registry" time="0.000" /><testcase classname="tests.unit.test_circuit_breaker.TestCircuitBreakerFactory" name="test_get_circuit_breaker_with_settings" time="0.000" /><testcase classname="tests.unit.test_circuit_breaker.TestCircuitBreakerFactory" name="test_global_health_monitoring" time="0.001" /><testcase classname="tests.unit.test_circuit_breaker.TestCircuitBreakerFactory" name="test_reset_all_circuit_breakers" time="0.000" /><testcase classname="tests.unit.test_circuit_breaker.TestCircuitBreakerErrors" name="test_circuit_breaker_error_creation" time="0.000" /><testcase classname="tests.unit.test_circuit_breaker.TestCircuitBreakerErrors" name="test_circuit_breaker_open_error_creation" time="0.000" /><testcase classname="tests.unit.test_circuit_breaker.TestCircuitBreakerIntegration" name="test_realistic_service_outage_scenario" time="1.837" /><testcase classname="tests.unit.test_config_management.TestApplicationSettings" name="test_application_settings_initialization" time="0.001" /><testcase classname="tests.unit.test_config_management.TestApplicationSettings" name="test_application_settings_with_env_vars" time="0.001" /><testcase classname="tests.unit.test_config_management.TestApplicationSettings" name="test_application_settings_validation_errors" time="0.004" /><testcase classname="tests.unit.test_config_management.TestApplicationSettings" name="test_secret_field_validation" time="0.002" /><testcase classname="tests.unit.test_config_management.TestApplicationSettings" name="test_secret_field_names_consistency" time="0.001" /><testcase classname="tests.unit.test_config_management.TestConfigurationValidation" name="test_validate_field_requirements_by_environment" time="0.000" /><testcase classname="tests.unit.test_config_management.TestConfigurationValidation" name="test_validate_production_requirements" time="0.001" /><testcase classname="tests.unit.test_config_management.TestConfigurationValidation" name="test_validate_staging_requirements" time="0.001" /><testcase classname="tests.unit.test_config_management.TestConfigurationValidation" name="test_validate_general_security" time="0.011" /><testcase classname="tests.unit.test_config_management.TestConfigurationValidation" name="test_validate_encryption_available" time="0.001" /><testcase classname="tests.unit.test_config_management.TestConfigurationValidation" name="test_validate_configuration_on_startup" time="0.021" /><testcase classname="tests.unit.test_config_management.TestConfigurationValidation" name="test_configuration_validation_error" time="0.000" /><testcase classname="tests.unit.test_config_management.TestConfigurationValidation" name="test_process_validation_errors" time="0.000" /><testcase classname="tests.unit.test_config_management.TestEnvironmentDetection" name="test_detect_environment_from_env_var" time="0.001" /><testcase classname="tests.unit.test_config_management.TestEnvironmentDetection" name="test_detect_environment_from_file" time="0.001" /><testcase classname="tests.unit.test_config_management.TestEnvironmentDetection" name="test_detect_environment_default" time="0.001" /><testcase classname="tests.unit.test_config_management.TestEnvironmentDetection" name="test_get_project_root" time="0.000" /><testcase classname="tests.unit.test_config_management.TestFileLoading" name="test_load_env_file" time="0.001" /><testcase classname="tests.unit.test_config_management.TestFileLoading" name="test_load_env_file_nonexistent" time="0.000" /><testcase classname="tests.unit.test_config_management.TestFileLoading" name="test_load_encrypted_env_file" time="0.009" /><testcase classname="tests.unit.test_config_management.TestFileLoading" name="test_load_encrypted_env_file_error" time="0.001" /><testcase classname="tests.unit.test_config_management.TestFileLoading" name="test_env_file_settings" time="0.001" /><testcase classname="tests.unit.test_config_management.TestUtilityFunctions" name="test_mask_secret_value" time="0.000" /><testcase classname="tests.unit.test_config_management.TestUtilityFunctions" name="test_log_configuration_status" time="0.002" /><testcase classname="tests.unit.test_config_management.TestUtilityFunctions" name="test_log_encryption_status" time="0.001" /><testcase classname="tests.unit.test_config_management.TestSettingsFactory" name="test_get_settings_singleton" time="0.002" /><testcase classname="tests.unit.test_config_management.TestSettingsFactory" name="test_get_settings_validation_error" time="0.001" /><testcase classname="tests.unit.test_config_management.TestSettingsFactory" name="test_reload_settings" time="0.002" /><testcase classname="tests.unit.test_config_management.TestConfigurationHealthChecks" name="test_configuration_status_model" time="0.000" /><testcase classname="tests.unit.test_config_management.TestConfigurationHealthChecks" name="test_configuration_status_unhealthy" time="0.000" /><testcase classname="tests.unit.test_config_management.TestConfigurationHealthChecks" name="test_count_configured_secrets" time="0.002" /><testcase classname="tests.unit.test_config_management.TestConfigurationHealthChecks" name="test_determine_config_source" time="0.002" /><testcase classname="tests.unit.test_config_management.TestConfigurationHealthChecks" name="test_sanitize_validation_errors" time="0.000" /><testcase classname="tests.unit.test_config_management.TestConfigurationHealthChecks" name="test_get_configuration_status" time="0.002" /><testcase classname="tests.unit.test_config_management.TestConfigurationHealthChecks" name="test_get_configuration_status_with_errors" time="0.001" /><testcase classname="tests.unit.test_config_management.TestConfigurationHealthChecks" name="test_get_configuration_health_summary" time="0.001" /><testcase classname="tests.unit.test_config_management.TestConfigurationHealthChecks" name="test_get_configuration_health_summary_error" time="0.000" /><testcase classname="tests.unit.test_config_management.TestConfigurationHealthChecks" name="test_get_mcp_configuration_health_no_mcp" time="0.001" /><testcase classname="tests.unit.test_config_management.TestConfigurationHealthChecks" name="test_get_mcp_configuration_health_success" time="0.002" /><testcase classname="tests.unit.test_config_management.TestConfigurationHealthChecks" name="test_get_mcp_configuration_health_failure" time="0.001" /><testcase classname="tests.unit.test_config_management.TestPerformanceConfiguration" name="test_performance_config_initialization" time="0.000" /><testcase classname="tests.unit.test_config_management.TestPerformanceConfiguration" name="test_get_performance_config_dev" time="0.001" /><testcase classname="tests.unit.test_config_management.TestPerformanceConfiguration" name="test_get_performance_config_staging" time="0.001" /><testcase classname="tests.unit.test_config_management.TestPerformanceConfiguration" name="test_get_performance_config_prod" time="0.001" /><testcase classname="tests.unit.test_config_management.TestPerformanceConfiguration" name="test_get_cache_config" time="0.000" /><testcase classname="tests.unit.test_config_management.TestPerformanceConfiguration" name="test_get_connection_pool_config" time="0.000" /><testcase classname="tests.unit.test_config_management.TestPerformanceConfiguration" name="test_get_async_config" time="0.000" /><testcase classname="tests.unit.test_config_management.TestPerformanceConfiguration" name="test_get_monitoring_config" time="0.000" /><testcase classname="tests.unit.test_config_management.TestPerformanceConfiguration" name="test_validate_performance_requirements" time="0.000" /><testcase classname="tests.unit.test_config_management.TestPerformanceConfiguration" name="test_get_optimization_recommendations" time="0.002" /><testcase classname="tests.unit.test_config_management.TestPerformanceConfiguration" name="test_operation_thresholds" time="0.000" /><testcase classname="tests.unit.test_config_management.TestConfigurationConstants" name="test_secret_field_names" time="0.000" /><testcase classname="tests.unit.test_config_management.TestConfigurationConstants" name="test_qdrant_defaults" time="0.000" /><testcase classname="tests.unit.test_config_management.TestConfigurationConstants" name="test_sensitive_error_patterns" time="0.000" /><testcase classname="tests.unit.test_config_management.TestConfigurationConstants" name="test_file_path_patterns" time="0.000" /><testcase classname="tests.unit.test_config_management.TestConfigurationConstants" name="test_health_check_constants" time="0.000" /><testcase classname="tests.unit.test_config_management.TestConfigurationConstants" name="test_cors_origins" time="0.000" /><testcase classname="tests.unit.test_config_management.TestConfigurationIntegration" name="test_end_to_end_configuration_loading" time="0.032" /><testcase classname="tests.unit.test_config_management.TestConfigurationIntegration" name="test_configuration_with_validation_errors" time="0.002" /><testcase classname="tests.unit.test_config_management.TestConfigurationIntegration" name="test_configuration_health_check_integration" time="0.002" /><testcase classname="tests.unit.test_config_management.TestConfigurationIntegration" name="test_performance_config_integration" time="0.003" /><testcase classname="tests.unit.test_coverage_boost_final.TestComprehensiveCoverageBoost" name="test_agent_config_validation_comprehensive" time="0.000" /><testcase classname="tests.unit.test_coverage_boost_final.TestComprehensiveCoverageBoost" name="test_agent_output_metadata_validation" time="0.000" /><testcase classname="tests.unit.test_coverage_boost_final.TestComprehensiveCoverageBoost" name="test_agent_output_agent_id_validation" time="0.000" /><testcase classname="tests.unit.test_coverage_boost_final.TestComprehensiveCoverageBoost" name="test_agent_output_cross_field_validation" time="0.000" /><testcase classname="tests.unit.test_coverage_boost_final.TestComprehensiveCoverageBoost" name="test_registry_comprehensive_error_paths" time="0.000" /><testcase classname="tests.unit.test_coverage_boost_final.TestComprehensiveCoverageBoost" name="test_registry_agent_instantiation_error" time="0.000" /><testcase classname="tests.unit.test_coverage_boost_final.TestComprehensiveCoverageBoost" name="test_registry_capability_operations" time="0.001" /><testcase classname="tests.unit.test_coverage_boost_final.TestComprehensiveCoverageBoost" name="test_registry_status_reporting" time="0.001" /><testcase classname="tests.unit.test_coverage_boost_final.TestComprehensiveCoverageBoost" name="test_base_agent_configuration_override_edge_cases" time="0.022" /><testcase classname="tests.unit.test_coverage_boost_final.TestComprehensiveCoverageBoost" name="test_base_agent_validation_edge_cases" time="0.000" /><testcase classname="tests.unit.test_coverage_boost_final.TestComprehensiveCoverageBoost" name="test_base_agent_timeout_scenarios" time="0.012" /><testcase classname="tests.unit.test_coverage_boost_final.TestComprehensiveCoverageBoost" name="test_exception_handling_comprehensive" time="0.000" /><testcase classname="tests.unit.test_coverage_boost_final.TestComprehensiveCoverageBoost" name="test_agent_metrics_and_logging" time="0.001" /><testcase classname="tests.unit.test_coverage_boost_final.TestComprehensiveCoverageBoost" name="test_registry_edge_cases" time="0.000" /><testcase classname="tests.unit.test_coverage_boost_final.TestComprehensiveCoverageBoost" name="test_agent_input_edge_cases" time="0.000" /><testcase classname="tests.unit.test_coverage_boost_final.TestComprehensiveCoverageBoost" name="test_concurrent_agent_operations" time="0.012" /><testcase classname="tests.unit.test_create_agent.TestCreateAgent" name="test_create_agent_initialization" time="0.000" /><testcase classname="tests.unit.test_create_agent.TestCreateAgent" name="test_get_agent_id" time="0.000" /><testcase classname="tests.unit.test_create_agent.TestCreateAgent" name="test_get_knowledge_path" time="0.000" /><testcase classname="tests.unit.test_create_agent.TestCreateAgent" name="test_get_qdrant_collection" time="0.000" /><testcase classname="tests.unit.test_create_agent.TestCreateAgent" name="test_generate_prompt_basic_context" time="0.000" /><testcase classname="tests.unit.test_create_agent.TestCreateAgent" name="test_generate_prompt_with_preferences" time="0.000" /><testcase classname="tests.unit.test_create_agent.TestCreateAgent" name="test_generate_prompt_empty_context" time="0.000" /><testcase classname="tests.unit.test_create_agent.TestCreateAgent" name="test_generate_prompt_none_preferences" time="0.000" /><testcase classname="tests.unit.test_create_agent.TestCreateAgent" name="test_generate_prompt_empty_preferences" time="0.000" /><testcase classname="tests.unit.test_create_agent.TestCreateAgent" name="test_generate_prompt_complex_data" time="0.000" /><testcase classname="tests.unit.test_create_agent.TestCreateAgent" name="test_agent_id_consistency" time="0.000" /><testcase classname="tests.unit.test_create_agent.TestCreateAgent" name="test_multiple_instances_independence" time="0.000" /><testcase classname="tests.unit.test_create_agent.TestCreateAgent" name="test_string_methods_return_types" time="0.000" /><testcase classname="tests.unit.test_create_agent.TestCreateAgent" name="test_generate_prompt_special_characters" time="0.000" /><testcase classname="tests.unit.test_create_models_core.TestCreateModels" name="test_create_request_valid" time="0.000" /><testcase classname="tests.unit.test_create_models_core.TestCreateModels" name="test_create_request_minimal" time="0.000" /><testcase classname="tests.unit.test_create_models_core.TestCreateModels" name="test_create_request_empty_prompt_fails" time="0.000" /><testcase classname="tests.unit.test_create_models_core.TestCreateModels" name="test_create_request_invalid_domain" time="0.000" /><testcase classname="tests.unit.test_create_models_core.TestCreateModels" name="test_create_request_valid_domains" time="0.000" /><testcase classname="tests.unit.test_create_models_core.TestCreateModels" name="test_create_response_valid" time="0.000" /><testcase classname="tests.unit.test_create_models_core.TestCreateModels" name="test_create_response_with_errors" time="0.000" /><testcase classname="tests.unit.test_create_models_core.TestCreateModels" name="test_error_response_model" time="0.000" /><testcase classname="tests.unit.test_create_models_core.TestCreateModels" name="test_health_response_model" time="0.000" /><testcase classname="tests.unit.test_create_models_core.TestCreateModels" name="test_health_response_invalid_status" time="0.000" /><testcase classname="tests.unit.test_create_models_core.TestCreateModels" name="test_domain_response_model" time="0.000" /><testcase classname="tests.unit.test_create_models_core.TestCreateModels" name="test_framework_info_response_model" time="0.000" /><testcase classname="tests.unit.test_create_models_core.TestCreateModels" name="test_negative_processing_time_fails" time="0.000" /><testcase classname="tests.unit.test_create_processor_core.TestCreateProcessor" name="test_init_default_config" time="0.000" /><testcase classname="tests.unit.test_create_processor_core.TestCreateProcessor" name="test_init_custom_config" time="0.001" /><testcase classname="tests.unit.test_create_processor_core.TestCreateProcessor" name="test_validate_input_valid_prompt" time="0.000" /><testcase classname="tests.unit.test_create_processor_core.TestCreateProcessor" name="test_validate_input_empty_string" time="0.000" /><testcase classname="tests.unit.test_create_processor_core.TestCreateProcessor" name="test_validate_input_none" time="0.000" /><testcase classname="tests.unit.test_create_processor_core.TestCreateProcessor" name="test_validate_input_whitespace_only" time="0.000" /><testcase classname="tests.unit.test_create_processor_core.TestCreateProcessor" name="test_validate_input_too_long" time="0.000" /><testcase classname="tests.unit.test_create_processor_core.TestCreateProcessor" name="test_validate_input_injection_script" time="0.000" /><testcase classname="tests.unit.test_create_processor_core.TestCreateProcessor" name="test_validate_input_injection_javascript" time="0.000" /><testcase classname="tests.unit.test_create_processor_core.TestCreateProcessor" name="test_extract_context_with_role" time="0.001" /><testcase classname="tests.unit.test_create_processor_core.TestCreateProcessor" name="test_extract_context_with_background" time="0.000" /><testcase classname="tests.unit.test_create_processor_core.TestCreateProcessor" name="test_extract_context_with_goal" time="0.000" /><testcase classname="tests.unit.test_create_processor_core.TestCreateProcessor" name="test_extract_context_empty_prompt" time="0.000" /><testcase classname="tests.unit.test_create_processor_core.TestCreateProcessor" name="test_generate_request_component_with_task" time="0.000" /><testcase classname="tests.unit.test_create_processor_core.TestCreateProcessor" name="test_generate_request_component_with_deliverable" time="0.000" /><testcase classname="tests.unit.test_create_processor_core.TestCreateProcessor" name="test_generate_examples_component_with_patterns" time="0.000" /><testcase classname="tests.unit.test_create_processor_core.TestCreateProcessor" name="test_generate_examples_component_empty_prompt" time="0.000" /><testcase classname="tests.unit.test_create_processor_core.TestCreateProcessor" name="test_generate_augmentations_component_legal_domain" time="0.000" /><testcase classname="tests.unit.test_create_processor_core.TestCreateProcessor" name="test_generate_augmentations_component_business_domain" time="0.000" /><testcase classname="tests.unit.test_create_processor_core.TestCreateProcessor" name="test_generate_augmentations_component_technical_domain" time="0.000" /><testcase classname="tests.unit.test_create_processor_core.TestCreateProcessor" name="test_generate_augmentations_component_general_domain" time="0.000" /><testcase classname="tests.unit.test_create_processor_core.TestCreateProcessor" name="test_generate_tone_format_component_with_tone" time="0.001" /><testcase classname="tests.unit.test_create_processor_core.TestCreateProcessor" name="test_generate_tone_format_component_default" time="0.000" /><testcase classname="tests.unit.test_create_processor_core.TestCreateProcessor" name="test_generate_evaluation_component" time="0.000" /><testcase classname="tests.unit.test_create_processor_core.TestCreateProcessor" name="test_apply_create_framework_basic" time="0.000" /><testcase classname="tests.unit.test_create_processor_core.TestCreateProcessor" name="test_build_enhanced_prompt_complete" time="0.000" /><testcase classname="tests.unit.test_create_processor_core.TestCreateProcessor" name="test_build_enhanced_prompt_minimal" time="0.000" /><testcase classname="tests.unit.test_create_processor_core.TestCreateProcessor" name="test_process_prompt_success" time="0.001" /><testcase classname="tests.unit.test_create_processor_core.TestCreateProcessor" name="test_process_prompt_validation_error" time="0.001" /><testcase classname="tests.unit.test_create_processor_core.TestCreateProcessor" name="test_process_prompt_no_domain" time="0.001" /><testcase classname="tests.unit.test_create_processor_core.TestCreateProcessor" name="test_process_prompt_processing_time" time="0.001" /><testcase classname="tests.unit.test_create_processor_core.TestCreateProcessor" name="test_process_prompt_metadata_complete" time="0.001" /><testcase classname="tests.unit.test_create_processor_core.TestCreateProcessor" name="test_process_prompt_logging" time="0.001" /><testcase classname="tests.unit.test_create_processor_core.TestCreateProcessor" name="test_process_prompt_error_logging" time="0.001" /><testcase classname="tests.unit.test_create_processor_core_comprehensive.TestCreateProcessorCore" name="test_create_processor_initialization" time="0.000" /><testcase classname="tests.unit.test_create_processor_core_comprehensive.TestCreateProcessorCore" name="test_create_processor_initialization_with_config" time="0.000" /><testcase classname="tests.unit.test_create_processor_core_comprehensive.TestCreateProcessorCore" name="test_domain_enum_values" time="0.000" /><testcase classname="tests.unit.test_create_processor_core_comprehensive.TestCreateProcessorCore" name="test_create_request_dataclass" time="0.000" /><testcase classname="tests.unit.test_create_processor_core_comprehensive.TestCreateProcessorCore" name="test_create_request_dataclass_defaults" time="0.000" /><testcase classname="tests.unit.test_create_processor_core_comprehensive.TestCreateProcessorCore" name="test_create_response_dataclass" time="0.000" /><testcase classname="tests.unit.test_create_processor_core_comprehensive.TestCreateProcessorCore" name="test_validate_input_valid_prompt" time="0.000" /><testcase classname="tests.unit.test_create_processor_core_comprehensive.TestCreateProcessorCore" name="test_validate_input_none_prompt" time="0.000" /><testcase classname="tests.unit.test_create_processor_core_comprehensive.TestCreateProcessorCore" name="test_validate_input_non_string_prompt" time="0.000" /><testcase classname="tests.unit.test_create_processor_core_comprehensive.TestCreateProcessorCore" name="test_validate_input_empty_prompt" time="0.000" /><testcase classname="tests.unit.test_create_processor_core_comprehensive.TestCreateProcessorCore" name="test_validate_input_whitespace_only_prompt" time="0.000" /><testcase classname="tests.unit.test_create_processor_core_comprehensive.TestCreateProcessorCore" name="test_validate_input_too_long_prompt" time="0.000" /><testcase classname="tests.unit.test_create_processor_core_comprehensive.TestCreateProcessorCore" name="test_validate_input_injection_patterns[&lt;script&gt;alert('test')&lt;/script&gt;]" time="0.000" /><testcase classname="tests.unit.test_create_processor_core_comprehensive.TestCreateProcessorCore" name="test_validate_input_injection_patterns[javascript:alert('test')]" time="0.000" /><testcase classname="tests.unit.test_create_processor_core_comprehensive.TestCreateProcessorCore" name="test_validate_input_injection_patterns[data:text/html,&lt;script&gt;alert('test')&lt;/script&gt;]" time="0.000" /><testcase classname="tests.unit.test_create_processor_core_comprehensive.TestCreateProcessorCore" name="test_validate_input_injection_patterns[vbscript:msgbox('test')]" time="0.000" /><testcase classname="tests.unit.test_create_processor_core_comprehensive.TestCreateProcessorCore" name="test_validate_input_injection_patterns[onclick=alert('test')]" time="0.000" /><testcase classname="tests.unit.test_create_processor_core_comprehensive.TestCreateProcessorCore" name="test_validate_input_injection_patterns[onload=alert('test')]" time="0.000" /><testcase classname="tests.unit.test_create_processor_core_comprehensive.TestCreateProcessorCore" name="test_extract_context_basic" time="0.000" /><testcase classname="tests.unit.test_create_processor_core_comprehensive.TestCreateProcessorCore" name="test_extract_context_role_patterns" time="0.000" /><testcase classname="tests.unit.test_create_processor_core_comprehensive.TestCreateProcessorCore" name="test_extract_context_background_patterns" time="0.000" /><testcase classname="tests.unit.test_create_processor_core_comprehensive.TestCreateProcessorCore" name="test_extract_context_goal_patterns" time="0.000" /><testcase classname="tests.unit.test_create_processor_core_comprehensive.TestCreateProcessorCore" name="test_extract_context_no_matches" time="0.000" /><testcase classname="tests.unit.test_create_processor_core_comprehensive.TestCreateProcessorCore" name="test_generate_request_component_basic" time="0.000" /><testcase classname="tests.unit.test_create_processor_core_comprehensive.TestCreateProcessorCore" name="test_generate_request_component_with_deliverable" time="0.000" /><testcase classname="tests.unit.test_create_processor_core_comprehensive.TestCreateProcessorCore" name="test_generate_request_component_various_patterns" time="0.000" /><testcase classname="tests.unit.test_create_processor_core_comprehensive.TestCreateProcessorCore" name="test_generate_examples_component_basic" time="0.000" /><testcase classname="tests.unit.test_create_processor_core_comprehensive.TestCreateProcessorCore" name="test_generate_examples_component_various_patterns" time="0.000" /><testcase classname="tests.unit.test_create_processor_core_comprehensive.TestCreateProcessorCore" name="test_generate_examples_component_no_patterns" time="0.000" /><testcase classname="tests.unit.test_create_processor_core_comprehensive.TestCreateProcessorCore" name="test_generate_augmentations_component_legal_domain" time="0.000" /><testcase classname="tests.unit.test_create_processor_core_comprehensive.TestCreateProcessorCore" name="test_generate_augmentations_component_business_domain" time="0.000" /><testcase classname="tests.unit.test_create_processor_core_comprehensive.TestCreateProcessorCore" name="test_generate_augmentations_component_technical_domain" time="0.000" /><testcase classname="tests.unit.test_create_processor_core_comprehensive.TestCreateProcessorCore" name="test_generate_augmentations_component_academic_domain" time="0.000" /><testcase classname="tests.unit.test_create_processor_core_comprehensive.TestCreateProcessorCore" name="test_generate_augmentations_component_default_domain" time="0.000" /><testcase classname="tests.unit.test_create_processor_core_comprehensive.TestCreateProcessorCore" name="test_generate_tone_format_component_basic" time="0.000" /><testcase classname="tests.unit.test_create_processor_core_comprehensive.TestCreateProcessorCore" name="test_generate_tone_format_component_with_tone" time="0.000" /><testcase classname="tests.unit.test_create_processor_core_comprehensive.TestCreateProcessorCore" name="test_generate_tone_format_component_with_format" time="0.000" /><testcase classname="tests.unit.test_create_processor_core_comprehensive.TestCreateProcessorCore" name="test_generate_evaluation_component" time="0.000" /><testcase classname="tests.unit.test_create_processor_core_comprehensive.TestCreateProcessorCore" name="test_apply_create_framework_basic" time="0.000" /><testcase classname="tests.unit.test_create_processor_core_comprehensive.TestCreateProcessorCore" name="test_build_enhanced_prompt_complete" time="0.000" /><testcase classname="tests.unit.test_create_processor_core_comprehensive.TestCreateProcessorCore" name="test_build_enhanced_prompt_minimal" time="0.000" /><testcase classname="tests.unit.test_create_processor_core_comprehensive.TestCreateProcessorCore" name="test_process_prompt_successful" time="0.001" /><testcase classname="tests.unit.test_create_processor_core_comprehensive.TestCreateProcessorCore" name="test_process_prompt_with_validation_error" time="0.001" /><testcase classname="tests.unit.test_create_processor_core_comprehensive.TestCreateProcessorCore" name="test_process_prompt_with_injection_attack" time="0.000" /><testcase classname="tests.unit.test_create_processor_core_comprehensive.TestCreateProcessorCore" name="test_process_prompt_default_domain" time="0.001" /><testcase classname="tests.unit.test_create_processor_core_comprehensive.TestCreateProcessorCore" name="test_process_prompt_timing_measurement" time="0.000" /><testcase classname="tests.unit.test_create_processor_core_comprehensive.TestCreateProcessorCore" name="test_process_prompt_metadata_completeness" time="0.001" /><testcase classname="tests.unit.test_create_processor_core_comprehensive.TestCreateProcessorCore" name="test_process_prompt_with_mock_exception" time="0.001" /><testcase classname="tests.unit.test_create_processor_core_comprehensive.TestCreateProcessorCore" name="test_setup_logging_with_config" time="0.000" /><testcase classname="tests.unit.test_create_processor_core_comprehensive.TestCreateProcessorCore" name="test_setup_logging_with_invalid_level" time="0.000" /><testcase classname="tests.unit.test_create_processor_core_comprehensive.TestCreateProcessorCore" name="test_setup_logging_no_config" time="0.000" /><testcase classname="tests.unit.test_create_processor_core_comprehensive.TestCreateProcessorCore" name="test_exception_hierarchy" time="0.000" /><testcase classname="tests.unit.test_create_processor_core_comprehensive.TestCreateProcessorCore" name="test_process_prompt_comprehensive_integration" time="0.001" /><testcase classname="tests.unit.test_create_processor_core_comprehensive.TestCreateProcessorCore" name="test_process_prompt_edge_case_long_valid_prompt" time="0.008" /><testcase classname="tests.unit.test_create_processor_core_comprehensive.TestCreateProcessorCore" name="test_extract_context_multiple_roles" time="0.000" /><testcase classname="tests.unit.test_create_processor_core_comprehensive.TestCreateProcessorCore" name="test_generate_request_component_multiple_tasks" time="0.000" /><testcase classname="tests.unit.test_create_processor_core_comprehensive.TestCreateProcessorCore" name="test_generate_examples_component_multiple_patterns" time="0.000" /><testcase classname="tests.unit.test_create_processor_core_comprehensive.TestCreateProcessorCore" name="test_process_prompt_logging_verification" time="0.001" /><testcase classname="tests.unit.test_create_processor_core_comprehensive.TestCreateProcessorCore" name="test_process_prompt_error_logging_verification" time="0.001" /><testcase classname="tests.unit.test_create_router_core.TestCreateRouter" name="test_get_available_domains" time="0.007" /><testcase classname="tests.unit.test_create_router_core.TestCreateRouter" name="test_get_framework_info" time="0.003" /><testcase classname="tests.unit.test_create_router_core.TestCreateRouter" name="test_health_check" time="0.002" /><testcase classname="tests.unit.test_create_router_core.TestCreateRouter" name="test_process_prompt_success" time="0.005" /><testcase classname="tests.unit.test_create_router_core.TestCreateRouter" name="test_process_prompt_validation_error" time="0.003" /><testcase classname="tests.unit.test_create_router_core.TestCreateRouter" name="test_process_prompt_missing_prompt" time="0.003" /><testcase classname="tests.unit.test_create_router_core.TestCreateRouter" name="test_process_prompt_invalid_json" time="0.003" /><testcase classname="tests.unit.test_create_router_core.TestCreateRouter" name="test_process_prompt_empty_prompt_validation" time="0.003" /><testcase classname="tests.unit.test_create_router_core.TestCreateRouter" name="test_process_prompt_invalid_domain_validation" time="0.002" /><testcase classname="tests.unit.test_create_router_core.TestCreateRouter" name="test_process_prompt_internal_error" time="0.003" /><testcase classname="tests.unit.test_create_router_core.TestCreateRouter" name="test_process_prompt_optional_fields" time="0.003" /><testcase classname="tests.unit.test_edge_cases_parametrized.TestConfigurationValidationEdgeCases" name="test_configuration_validation_edge_cases[invalid-config]" time="0.001" /><testcase classname="tests.unit.test_edge_cases_parametrized.TestConfigurationValidationEdgeCases" name="test_configuration_validation_edge_cases[empty-config]" time="0.011" /><testcase classname="tests.unit.test_edge_cases_parametrized.TestConfigurationValidationEdgeCases" name="test_configuration_validation_edge_cases[null-config]" time="0.000" /><testcase classname="tests.unit.test_edge_cases_parametrized.TestConfigurationValidationEdgeCases" name="test_configuration_validation_edge_cases[list-config]" time="0.000" /><testcase classname="tests.unit.test_edge_cases_parametrized.TestConfigurationValidationEdgeCases" name="test_configuration_validation_edge_cases[string-config]" time="0.000" /><testcase classname="tests.unit.test_edge_cases_parametrized.TestConfigurationValidationEdgeCases" name="test_configuration_validation_edge_cases[number-config]" time="0.000" /><testcase classname="tests.unit.test_edge_cases_parametrized.TestConfigurationValidationEdgeCases" name="test_configuration_validation_edge_cases[empty-name]" time="0.001" /><testcase classname="tests.unit.test_edge_cases_parametrized.TestConfigurationValidationEdgeCases" name="test_configuration_validation_edge_cases[null-name]" time="0.001" /><testcase classname="tests.unit.test_edge_cases_parametrized.TestConfigurationValidationEdgeCases" name="test_configuration_validation_edge_cases[very-long-name]" time="0.001" /><testcase classname="tests.unit.test_edge_cases_parametrized.TestConfigurationValidationEdgeCases" name="test_configuration_validation_edge_cases[binary-name]" time="0.001" /><testcase classname="tests.unit.test_edge_cases_parametrized.TestConfigurationValidationEdgeCases" name="test_configuration_validation_edge_cases[unicode-name]" time="0.001" /><testcase classname="tests.unit.test_edge_cases_parametrized.TestConfigurationValidationEdgeCases" name="test_configuration_validation_edge_cases[missing-name]" time="0.012" /><testcase classname="tests.unit.test_edge_cases_parametrized.TestConfigurationValidationEdgeCases" name="test_configuration_validation_edge_cases[minimal-valid]" time="0.011" /><testcase classname="tests.unit.test_edge_cases_parametrized.TestInputSanitizationBoundaries" name="test_input_sanitization_boundaries[empty-input]" time="0.000" /><testcase classname="tests.unit.test_edge_cases_parametrized.TestInputSanitizationBoundaries" name="test_input_sanitization_boundaries[single-char]" time="0.000" /><testcase classname="tests.unit.test_edge_cases_parametrized.TestInputSanitizationBoundaries" name="test_input_sanitization_boundaries[small-input]" time="0.000" /><testcase classname="tests.unit.test_edge_cases_parametrized.TestInputSanitizationBoundaries" name="test_input_sanitization_boundaries[medium-input]" time="0.000" /><testcase classname="tests.unit.test_edge_cases_parametrized.TestInputSanitizationBoundaries" name="test_input_sanitization_boundaries[large-input]" time="0.000" /><testcase classname="tests.unit.test_edge_cases_parametrized.TestInputSanitizationBoundaries" name="test_input_sanitization_boundaries[very-large-input]" time="0.000" /><testcase classname="tests.unit.test_edge_cases_parametrized.TestInputSanitizationBoundaries" name="test_input_sanitization_boundaries[binary-input]" time="0.000" /><testcase classname="tests.unit.test_edge_cases_parametrized.TestInputSanitizationBoundaries" name="test_input_sanitization_boundaries[unicode-input]" time="0.000" /><testcase classname="tests.unit.test_edge_cases_parametrized.TestInputSanitizationBoundaries" name="test_input_sanitization_boundaries[whitespace-input]" time="0.000" /><testcase classname="tests.unit.test_edge_cases_parametrized.TestInputSanitizationBoundaries" name="test_input_sanitization_boundaries[sql-like]" time="0.000" /><testcase classname="tests.unit.test_edge_cases_parametrized.TestInputSanitizationBoundaries" name="test_input_sanitization_boundaries[xss-like]" time="0.000" /><testcase classname="tests.unit.test_edge_cases_parametrized.TestInputSanitizationBoundaries" name="test_input_sanitization_boundaries[path-traversal]" time="0.000" /><testcase classname="tests.unit.test_edge_cases_parametrized.TestInputSanitizationBoundaries" name="test_input_sanitization_boundaries[log4j-style]" time="0.000" /><testcase classname="tests.unit.test_edge_cases_parametrized.TestQueryProcessingEdgeCases" name="test_query_processing_edge_cases[empty-query]" time="0.000" /><testcase classname="tests.unit.test_edge_cases_parametrized.TestQueryProcessingEdgeCases" name="test_query_processing_edge_cases[long-query]" time="0.000" /><testcase classname="tests.unit.test_edge_cases_parametrized.TestQueryProcessingEdgeCases" name="test_query_processing_edge_cases[null-query]" time="0.000" /><testcase classname="tests.unit.test_edge_cases_parametrized.TestQueryProcessingEdgeCases" name="test_query_processing_edge_cases[empty-context]" time="0.000" /><testcase classname="tests.unit.test_edge_cases_parametrized.TestQueryProcessingEdgeCases" name="test_query_processing_edge_cases[null-context]" time="0.000" /><testcase classname="tests.unit.test_edge_cases_parametrized.TestQueryProcessingEdgeCases" name="test_query_processing_edge_cases[unicode-content]" time="0.000" /><testcase classname="tests.unit.test_edge_cases_parametrized.TestQueryProcessingEdgeCases" name="test_query_processing_edge_cases[malformed-json]" time="0.000" /><testcase classname="tests.unit.test_edge_cases_parametrized.TestQueryProcessingEdgeCases" name="test_query_processing_edge_cases[valid-json]" time="0.000" /><testcase classname="tests.unit.test_edge_cases_parametrized.TestQueryProcessingEdgeCases" name="test_query_processing_edge_cases[newlines]" time="0.000" /><testcase classname="tests.unit.test_edge_cases_parametrized.TestQueryProcessingEdgeCases" name="test_query_processing_edge_cases[tabs]" time="0.000" /><testcase classname="tests.unit.test_edge_cases_parametrized.TestQueryProcessingEdgeCases" name="test_query_processing_edge_cases[html-tags]" time="0.000" /><testcase classname="tests.unit.test_edge_cases_parametrized.TestErrorHandlingEdgeCases" name="test_error_handling_edge_cases[network-error]" time="0.000" /><testcase classname="tests.unit.test_edge_cases_parametrized.TestErrorHandlingEdgeCases" name="test_error_handling_edge_cases[timeout-error]" time="0.000" /><testcase classname="tests.unit.test_edge_cases_parametrized.TestErrorHandlingEdgeCases" name="test_error_handling_edge_cases[validation-error]" time="0.000" /><testcase classname="tests.unit.test_edge_cases_parametrized.TestErrorHandlingEdgeCases" name="test_error_handling_edge_cases[missing-data-error]" time="0.000" /><testcase classname="tests.unit.test_edge_cases_parametrized.TestErrorHandlingEdgeCases" name="test_error_handling_edge_cases[permission-error]" time="0.000" /><testcase classname="tests.unit.test_edge_cases_parametrized.TestErrorHandlingEdgeCases" name="test_error_handling_edge_cases[file-error]" time="0.000" /><testcase classname="tests.unit.test_edge_cases_parametrized.TestErrorHandlingEdgeCases" name="test_error_handling_edge_cases[json-error]" time="0.000" /><testcase classname="tests.unit.test_edge_cases_parametrized.TestErrorHandlingEdgeCases" name="test_error_handling_edge_cases[generic-error]" time="0.000" /><testcase classname="tests.unit.test_edge_cases_parametrized.TestPerformanceBoundaryConditions" name="test_processing_performance_boundaries[empty]" time="0.000" /><testcase classname="tests.unit.test_edge_cases_parametrized.TestPerformanceBoundaryConditions" name="test_processing_performance_boundaries[minimal]" time="0.000" /><testcase classname="tests.unit.test_edge_cases_parametrized.TestPerformanceBoundaryConditions" name="test_processing_performance_boundaries[small]" time="0.011" /><testcase classname="tests.unit.test_edge_cases_parametrized.TestPerformanceBoundaryConditions" name="test_processing_performance_boundaries[medium]" time="0.102" /><testcase classname="tests.unit.test_edge_cases_parametrized.TestPerformanceBoundaryConditions" name="test_processing_performance_boundaries[large]" time="1.008" /><testcase classname="tests.unit.test_edge_cases_parametrized.TestSecurityEdgeCases" name="test_security_input_validation[sql-injection]" time="0.001" /><testcase classname="tests.unit.test_edge_cases_parametrized.TestSecurityEdgeCases" name="test_security_input_validation[xss-attempt]" time="0.000" /><testcase classname="tests.unit.test_edge_cases_parametrized.TestSecurityEdgeCases" name="test_security_input_validation[template-injection]" time="0.000" /><testcase classname="tests.unit.test_edge_cases_parametrized.TestSecurityEdgeCases" name="test_security_input_validation[log4j-injection]" time="0.000" /><testcase classname="tests.unit.test_edge_cases_parametrized.TestSecurityEdgeCases" name="test_security_input_validation[path-traversal]" time="0.000" /><testcase classname="tests.unit.test_edge_cases_parametrized.TestSecurityEdgeCases" name="test_security_input_validation[encoded-path-traversal]" time="0.000" /><testcase classname="tests.unit.test_edge_cases_parametrized.TestSecurityEdgeCases" name="test_security_input_validation[large-payload]" time="0.009" /><testcase classname="tests.unit.test_edge_cases_parametrized.TestSecurityEdgeCases" name="test_security_input_validation[null-byte-injection]" time="0.000" /><testcase classname="tests.unit.test_edge_cases_parametrized.TestSecurityEdgeCases" name="test_security_input_validation[crlf-injection]" time="0.000" /><testcase classname="tests.unit.test_edge_cases_parametrized.TestConcurrencyEdgeCases" name="test_concurrent_processing[single]" time="0.011" /><testcase classname="tests.unit.test_edge_cases_parametrized.TestConcurrencyEdgeCases" name="test_concurrent_processing[few]" time="0.012" /><testcase classname="tests.unit.test_edge_cases_parametrized.TestConcurrencyEdgeCases" name="test_concurrent_processing[medium]" time="0.012" /><testcase classname="tests.unit.test_edge_cases_parametrized.TestConcurrencyEdgeCases" name="test_concurrent_processing[many]" time="0.015" /><testcase classname="tests.unit.test_edge_cases_parametrized.TestConfigurationEdgeCasesWithFixtures" name="test_configuration_edge_cases_with_fixtures[config_edge_cases0]" time="0.000" /><testcase classname="tests.unit.test_edge_cases_parametrized.TestConfigurationEdgeCasesWithFixtures" name="test_configuration_edge_cases_with_fixtures[config_edge_cases1]" time="0.000" /><testcase classname="tests.unit.test_edge_cases_parametrized.TestConfigurationEdgeCasesWithFixtures" name="test_configuration_edge_cases_with_fixtures[None]" time="0.000" /><testcase classname="tests.unit.test_edge_cases_parametrized.TestConfigurationEdgeCasesWithFixtures" name="test_configuration_edge_cases_with_fixtures[config_edge_cases3]" time="0.000" /><testcase classname="tests.unit.test_edge_cases_parametrized.TestConfigurationEdgeCasesWithFixtures" name="test_configuration_edge_cases_with_fixtures[string_config]" time="0.000" /><testcase classname="tests.unit.test_edge_cases_parametrized.TestConfigurationEdgeCasesWithFixtures" name="test_configuration_edge_cases_with_fixtures[123]" time="0.000" /><testcase classname="tests.unit.test_edge_cases_parametrized.TestConfigurationEdgeCasesWithFixtures" name="test_configuration_edge_cases_with_fixtures[config_edge_cases6]" time="0.000" /><testcase classname="tests.unit.test_edge_cases_parametrized.TestConfigurationEdgeCasesWithFixtures" name="test_configuration_edge_cases_with_fixtures[config_edge_cases7]" time="0.000" /><testcase classname="tests.unit.test_edge_cases_parametrized.TestConfigurationEdgeCasesWithFixtures" name="test_configuration_edge_cases_with_fixtures[long-app-name]" time="0.000" /><testcase classname="tests.unit.test_edge_cases_parametrized.TestConfigurationEdgeCasesWithFixtures" name="test_configuration_edge_cases_with_fixtures[config_edge_cases9]" time="0.000" /><testcase classname="tests.unit.test_edge_cases_parametrized.TestConfigurationEdgeCasesWithFixtures" name="test_configuration_edge_cases_with_fixtures[config_edge_cases10]" time="0.000" /><testcase classname="tests.unit.test_edge_cases_parametrized.TestConfigurationEdgeCasesWithFixtures" name="test_configuration_edge_cases_with_fixtures[config_edge_cases11]" time="0.000" /><testcase classname="tests.unit.test_edge_cases_parametrized.TestConfigurationEdgeCasesWithFixtures" name="test_configuration_edge_cases_with_fixtures[config_edge_cases12]" time="0.000" /><testcase classname="tests.unit.test_edge_cases_parametrized.TestConfigurationEdgeCasesWithFixtures" name="test_input_edge_cases_with_fixtures[None]" time="0.000" /><testcase classname="tests.unit.test_edge_cases_parametrized.TestConfigurationEdgeCasesWithFixtures" name="test_input_edge_cases_with_fixtures[]" time="0.000" /><testcase classname="tests.unit.test_edge_cases_parametrized.TestConfigurationEdgeCasesWithFixtures" name="test_input_edge_cases_with_fixtures[a]" time="0.000" /><testcase classname="tests.unit.test_edge_cases_parametrized.TestConfigurationEdgeCasesWithFixtures" name="test_input_edge_cases_with_fixtures[aaaaaaaaaaaaaaaaaaaaaaaaaaaaaaaaaaaaaaaaaaaaaaaaaaaaaaaaaaaaaaaaaaaaaaaaaaaaaaaaaaaaaaaaaaaaaaaaaaaa]" time="0.000" /><testcase classname="tests.unit.test_edge_cases_parametrized.TestConfigurationEdgeCasesWithFixtures" name="test_input_edge_cases_with_fixtures[medium-input]" time="0.000" /><testcase classname="tests.unit.test_edge_cases_parametrized.TestConfigurationEdgeCasesWithFixtures" name="test_input_edge_cases_with_fixtures[large-input]" time="0.000" /><testcase classname="tests.unit.test_edge_cases_parametrized.TestConfigurationEdgeCasesWithFixtures" name="test_input_edge_cases_with_fixtures[\x00\x01]" time="0.000" /><testcase classname="tests.unit.test_edge_cases_parametrized.TestConfigurationEdgeCasesWithFixtures" name="test_input_edge_cases_with_fixtures[\U0001f680\U0001f525\U0001f4af]" time="0.000" /><testcase classname="tests.unit.test_edge_cases_parametrized.TestConfigurationEdgeCasesWithFixtures" name="test_input_edge_cases_with_fixtures[\n\r\t]" time="0.000" /><testcase classname="tests.unit.test_edge_cases_parametrized.TestConfigurationEdgeCasesWithFixtures" name="test_input_edge_cases_with_fixtures[normal input]" time="0.000" /><testcase classname="tests.unit.test_edge_cases_parametrized.TestConfigurationEdgeCasesWithFixtures" name="test_input_edge_cases_with_fixtures[123]" time="0.000" /><testcase classname="tests.unit.test_edge_cases_parametrized.TestConfigurationEdgeCasesWithFixtures" name="test_input_edge_cases_with_fixtures[edge_case_inputs11]" time="0.000" /><testcase classname="tests.unit.test_edge_cases_parametrized.TestConfigurationEdgeCasesWithFixtures" name="test_input_edge_cases_with_fixtures[edge_case_inputs12]" time="0.000" /><testcase classname="tests.unit.test_encryption_integration.TestEncryptionIntegration" name="test_secret_str_fields_exist" time="0.002" /><testcase classname="tests.unit.test_encryption_integration.TestEncryptionIntegration" name="test_secret_str_validation_empty" time="0.001" /><testcase classname="tests.unit.test_encryption_integration.TestEncryptionIntegration" name="test_secret_str_validation_valid" time="0.001" /><testcase classname="tests.unit.test_encryption_integration.TestEncryptionIntegration" name="test_secret_str_representation" time="0.001" /><testcase classname="tests.unit.test_encryption_integration.TestEncryptionIntegration" name="test_validate_encryption_available_success" time="0.000" /><testcase classname="tests.unit.test_encryption_integration.TestEncryptionIntegration" name="test_validate_encryption_available_failure" time="0.000" /><testcase classname="tests.unit.test_encryption_integration.TestEncryptionIntegration" name="test_load_encrypted_env_file_success" time="0.001" /><testcase classname="tests.unit.test_encryption_integration.TestEncryptionIntegration" name="test_load_encrypted_env_file_not_found" time="0.000" /><testcase classname="tests.unit.test_encryption_integration.TestEncryptionIntegration" name="test_load_encrypted_env_file_gpg_error" time="0.000" /><testcase classname="tests.unit.test_encryption_integration.TestEncryptionIntegration" name="test_get_settings_production_warning" time="0.002" /><testcase classname="tests.unit.test_encryption_integration.TestEncryptionIntegration" name="test_get_settings_development_info" time="0.002" /><testcase classname="tests.unit.test_encryption_integration.TestEncryptionIntegration" name="test_get_settings_encryption_available_no_log" time="0.001" /><testcase classname="tests.unit.test_encryption_integration.TestEncryptionIntegration" name="test_environment_variable_overrides" time="0.045" /><testcase classname="tests.unit.test_encryption_integration.TestEncryptionIntegration" name="test_backward_compatibility" time="0.001" /><testcase classname="tests.unit.test_enhanced_validation.TestEnhancedValidation" name="test_port_validation_detailed_errors" time="0.002" /><testcase classname="tests.unit.test_enhanced_validation.TestEnhancedValidation" name="test_host_validation_detailed_errors" time="0.002" /><testcase classname="tests.unit.test_enhanced_validation.TestEnhancedValidation" name="test_version_validation_semver" time="0.006" /><testcase classname="tests.unit.test_enhanced_validation.TestEnhancedValidation" name="test_app_name_validation_enhanced" time="0.003" /><testcase classname="tests.unit.test_enhanced_validation.TestEnhancedValidation" name="test_secret_field_validation_detailed" time="0.003" /><testcase classname="tests.unit.test_enhanced_validation.TestEnhancedValidation" name="test_environment_specific_validation" time="0.000" /><testcase classname="tests.unit.test_enhanced_validation.TestConfigurationValidationError" name="test_basic_error_creation" time="0.000" /><testcase classname="tests.unit.test_enhanced_validation.TestConfigurationValidationError" name="test_error_with_field_errors" time="0.000" /><testcase classname="tests.unit.test_enhanced_validation.TestConfigurationValidationError" name="test_error_with_suggestions" time="0.000" /><testcase classname="tests.unit.test_enhanced_validation.TestConfigurationValidationError" name="test_error_with_all_components" time="0.000" /><testcase classname="tests.unit.test_enhanced_validation.TestStartupValidation" name="test_production_validation_errors" time="0.002" /><testcase classname="tests.unit.test_enhanced_validation.TestStartupValidation" name="test_staging_validation" time="0.002" /><testcase classname="tests.unit.test_enhanced_validation.TestStartupValidation" name="test_development_validation_passes" time="0.001" /><testcase classname="tests.unit.test_enhanced_validation.TestStartupValidation" name="test_system_requirements_validation" time="0.000" /><testcase classname="tests.unit.test_enhanced_validation.TestLoggingIntegration" name="test_configuration_logging" time="0.002" /><testcase classname="tests.unit.test_enhanced_validation.TestLoggingIntegration" name="test_secret_masking_in_logs" time="0.002" /><testcase classname="tests.unit.test_enhanced_validation.TestEdgeCases" name="test_ip_address_validation" time="0.008" /><testcase classname="tests.unit.test_enhanced_validation.TestEdgeCases" name="test_hostname_validation" time="0.004" /><testcase classname="tests.unit.test_enhanced_validation.TestEdgeCases" name="test_privileged_port_warning" time="0.002" /><testcase classname="tests.unit.test_enhanced_validation.TestEdgeCases" name="test_cross_field_validation_warning" time="0.013" /><testcase classname="tests.unit.test_error_boundary_conditions.TestErrorBoundaryConditions" name="test_agent_error_serialization_boundary_cases" time="0.000" /><testcase classname="tests.unit.test_error_boundary_conditions.TestErrorBoundaryConditions" name="test_error_context_preservation_across_boundaries" time="0.000" /><testcase classname="tests.unit.test_error_boundary_conditions.TestErrorBoundaryConditions" name="test_handle_agent_error_boundary_cases" time="0.000" /><testcase classname="tests.unit.test_error_boundary_conditions.TestErrorBoundaryConditions" name="test_create_agent_error_boundary_cases" time="0.000" /><testcase classname="tests.unit.test_error_boundary_conditions.TestErrorBoundaryConditions" name="test_error_propagation_in_agent_execution" time="0.002" /><testcase classname="tests.unit.test_error_boundary_conditions.TestErrorBoundaryConditions" name="test_nested_error_handling" time="0.001" /><testcase classname="tests.unit.test_error_boundary_conditions.TestErrorBoundaryConditions" name="test_configuration_validation_error_boundaries" time="0.001" /><testcase classname="tests.unit.test_error_boundary_conditions.TestErrorBoundaryConditions" name="test_output_validation_error_boundaries" time="0.002" /><testcase classname="tests.unit.test_error_boundary_conditions.TestErrorBoundaryConditions" name="test_registry_error_boundary_conditions" time="0.001" /><testcase classname="tests.unit.test_error_boundary_conditions.TestErrorBoundaryConditions" name="test_timeout_error_boundary_conditions" time="0.002" /><testcase classname="tests.unit.test_error_boundary_conditions.TestErrorBoundaryConditions" name="test_error_string_representation_boundaries" time="0.000" /><testcase classname="tests.unit.test_error_boundary_conditions.TestErrorBoundaryConditions" name="test_agent_initialization_error_recovery" time="0.001" /><testcase classname="tests.unit.test_error_boundary_conditions.TestErrorBoundaryConditions" name="test_concurrent_error_handling" time="0.002" /><testcase classname="tests.unit.test_final_80_push.TestFinal80Push" name="test_base_agent_initialization_edge_cases" time="0.000" /><testcase classname="tests.unit.test_final_80_push.TestFinal80Push" name="test_base_agent_validate_configuration_custom" time="0.000" /><testcase classname="tests.unit.test_final_80_push.TestFinal80Push" name="test_base_agent_execute_with_timeout_config_override" time="0.109" /><testcase classname="tests.unit.test_final_80_push.TestFinal80Push" name="test_agent_input_model_validator_edge_cases" time="0.001" /><testcase classname="tests.unit.test_final_80_push.TestFinal80Push" name="test_agent_output_model_validator_edge_cases" time="0.000" /><testcase classname="tests.unit.test_final_80_push.TestFinal80Push" name="test_registry_find_agents_by_capability_edge_cases" time="0.001" /><testcase classname="tests.unit.test_final_80_push.TestFinal80Push" name="test_registry_cached_agent_edge_cases" time="0.001" /><testcase classname="tests.unit.test_final_80_push.TestFinal80Push" name="test_base_agent_metrics_edge_cases" time="0.165" /><testcase classname="tests.unit.test_final_80_push.TestFinal80Push" name="test_agent_input_content_validation_edge_cases" time="0.000" /><testcase classname="tests.unit.test_final_80_push.TestFinal80Push" name="test_agent_output_content_validation_edge_cases" time="0.000" /><testcase classname="tests.unit.test_final_80_push.TestFinal80Push" name="test_agent_config_validation_edge_cases" time="0.000" /><testcase classname="tests.unit.test_final_80_push.TestFinal80Push" name="test_observability_coverage_boost" time="0.000" /><testcase classname="tests.unit.test_final_80_push.TestFinal80Push" name="test_base_agent_process_comprehensive" time="0.110" /><testcase classname="tests.unit.test_final_coverage_80.TestFinalCoverage80" name="test_agent_config_edge_cases_final" time="0.000" /><testcase classname="tests.unit.test_final_coverage_80.TestFinalCoverage80" name="test_agent_input_cross_validation_final" time="0.000" /><testcase classname="tests.unit.test_final_coverage_80.TestFinalCoverage80" name="test_agent_output_cross_validation_final" time="0.000" /><testcase classname="tests.unit.test_final_coverage_80.TestFinalCoverage80" name="test_base_agent_config_restoration_final" time="0.001" /><testcase classname="tests.unit.test_final_coverage_80.TestFinalCoverage80" name="test_registry_error_edge_cases_final" time="0.000" /><testcase classname="tests.unit.test_final_coverage_80.TestFinalCoverage80" name="test_registry_cached_agent_different_configs" time="0.001" /><testcase classname="tests.unit.test_final_coverage_80.TestFinalCoverage80" name="test_registry_capabilities_comprehensive_final" time="0.001" /><testcase classname="tests.unit.test_final_coverage_80.TestFinalCoverage80" name="test_base_agent_metrics_collection_final" time="0.013" /><testcase classname="tests.unit.test_final_coverage_80.TestFinalCoverage80" name="test_agent_validation_comprehensive_final" time="0.000" /><testcase classname="tests.unit.test_final_coverage_80.TestFinalCoverage80" name="test_registry_status_edge_cases_final" time="0.001" /><testcase classname="tests.unit.test_final_coverage_80.TestFinalCoverage80" name="test_concurrent_execution_edge_cases" time="0.023" /><testcase classname="tests.unit.test_final_coverage_80.TestFinalCoverage80" name="test_exception_handling_final_cases" time="0.000" /><testcase classname="tests.unit.test_final_coverage_boost.TestFinalCoverageBoost" name="test_base_agent_config_validation_edge_case" time="0.000" /><testcase classname="tests.unit.test_final_coverage_boost.TestFinalCoverageBoost" name="test_agent_timeout_error_with_processing_time" time="0.000" /><testcase classname="tests.unit.test_final_coverage_boost.TestFinalCoverageBoost" name="test_registry_missing_required_method" time="0.000" /><testcase classname="tests.unit.test_final_coverage_boost.TestFinalCoverageBoost" name="test_agent_timeout_error_minimal" time="0.000" /><testcase classname="tests.unit.test_final_coverage_boost.TestFinalCoverageBoost" name="test_agent_timeout_error_only_processing_time" time="0.000" /><testcase classname="tests.unit.test_final_coverage_push.TestFinalCoveragePush" name="test_agent_input_context_validation_errors" time="0.000" /><testcase classname="tests.unit.test_final_coverage_push.TestFinalCoveragePush" name="test_agent_input_config_overrides_validation_errors" time="0.000" /><testcase classname="tests.unit.test_final_coverage_push.TestFinalCoveragePush" name="test_agent_input_code_content_length_validation" time="0.000" /><testcase classname="tests.unit.test_final_coverage_push.TestFinalCoveragePush" name="test_registry_missing_execute_method_exact_path" time="0.000" /><testcase classname="tests.unit.test_final_coverage_push.TestFinalCoveragePush" name="test_registry_abstract_method_detection" time="0.000" /><testcase classname="tests.unit.test_health_check.TestConfigurationStatusModel" name="test_model_creation_with_valid_data" time="0.000" /><testcase classname="tests.unit.test_health_check.TestConfigurationStatusModel" name="test_config_healthy_property_when_healthy" time="0.000" /><testcase classname="tests.unit.test_health_check.TestConfigurationStatusModel" name="test_config_healthy_property_with_warnings" time="0.000" /><testcase classname="tests.unit.test_health_check.TestConfigurationStatusModel" name="test_config_healthy_property_when_unhealthy" time="0.000" /><testcase classname="tests.unit.test_health_check.TestConfigurationStatusModel" name="test_config_healthy_when_not_loaded" time="0.000" /><testcase classname="tests.unit.test_health_check.TestConfigurationStatusModel" name="test_json_serialization" time="0.000" /><testcase classname="tests.unit.test_health_check.TestConfigurationStatusHelpers" name="test_count_configured_secrets_with_all_secrets" time="0.001" /><testcase classname="tests.unit.test_health_check.TestConfigurationStatusHelpers" name="test_count_configured_secrets_with_some_secrets" time="0.001" /><testcase classname="tests.unit.test_health_check.TestConfigurationStatusHelpers" name="test_count_configured_secrets_with_empty_strings" time="0.001" /><testcase classname="tests.unit.test_health_check.TestConfigurationStatusHelpers" name="test_count_configured_secrets_with_no_secrets" time="0.001" /><testcase classname="tests.unit.test_health_check.TestConfigurationStatusHelpers" name="test_determine_config_source_env_vars" time="0.001" /><testcase classname="tests.unit.test_health_check.TestConfigurationStatusHelpers" name="test_determine_config_source_files" time="0.001" /><testcase classname="tests.unit.test_health_check.TestConfigurationStatusHelpers" name="test_determine_config_source_defaults" time="0.001" /><testcase classname="tests.unit.test_health_check.TestConfigurationStatusHelpers" name="test_sanitize_validation_errors_removes_sensitive_info" time="0.000" /><testcase classname="tests.unit.test_health_check.TestConfigurationStatusHelpers" name="test_sanitize_validation_errors_with_empty_list" time="0.000" /><testcase classname="tests.unit.test_health_check.TestConfigurationStatusGeneration" name="test_get_configuration_status_healthy" time="0.002" /><testcase classname="tests.unit.test_health_check.TestConfigurationStatusGeneration" name="test_get_configuration_status_validation_failed" time="0.001" /><testcase classname="tests.unit.test_health_check.TestConfigurationStatusGeneration" name="test_get_configuration_status_unexpected_error" time="0.002" /><testcase classname="tests.unit.test_health_check.TestConfigurationHealthSummary" name="test_get_health_summary_success" time="0.001" /><testcase classname="tests.unit.test_health_check.TestConfigurationHealthSummary" name="test_get_health_summary_failure" time="0.001" /><testcase classname="tests.unit.test_health_check.TestHealthCheckEndpoints" name="test_health_endpoint_healthy" time="0.004" /><testcase classname="tests.unit.test_health_check.TestHealthCheckEndpoints" name="test_health_endpoint_unhealthy" time="0.004" /><testcase classname="tests.unit.test_health_check.TestHealthCheckEndpoints" name="test_health_endpoint_exception" time="0.003" /><testcase classname="tests.unit.test_health_check.TestHealthCheckEndpoints" name="test_config_health_endpoint_success" time="0.005" /><testcase classname="tests.unit.test_health_check.TestHealthCheckEndpoints" name="test_config_health_endpoint_validation_error" time="0.004" /><testcase classname="tests.unit.test_health_check.TestHealthCheckEndpoints" name="test_config_health_endpoint_validation_error_debug_mode" time="0.004" /><testcase classname="tests.unit.test_health_check.TestHealthCheckEndpoints" name="test_root_endpoint" time="0.003" /><testcase classname="tests.unit.test_health_check.TestHealthCheckEndpoints" name="test_ping_endpoint" time="0.002" /><testcase classname="tests.unit.test_health_check.TestSecurityRequirements" name="test_configuration_status_model_no_secret_fields" time="0.000" /><testcase classname="tests.unit.test_health_check.TestSecurityRequirements" name="test_health_summary_no_sensitive_data" time="0.021" /><testcase classname="tests.unit.test_health_check.TestSecurityRequirements" name="test_validation_error_sanitization" time="0.000" /><testcase classname="tests.unit.test_hybrid_router.TestRoutingDecision" name="test_routing_decision_creation" time="0.000" /><testcase classname="tests.unit.test_hybrid_router.TestRoutingDecision" name="test_routing_decision_to_dict" time="0.000" /><testcase classname="tests.unit.test_hybrid_router.TestRoutingMetrics" name="test_routing_metrics_initialization" time="0.000" /><testcase classname="tests.unit.test_hybrid_router.TestRoutingMetrics" name="test_routing_metrics_properties" time="0.000" /><testcase classname="tests.unit.test_hybrid_router.TestRoutingMetrics" name="test_routing_metrics_to_dict" time="0.000" /><testcase classname="tests.unit.test_hybrid_router.TestHybridRouterInitialization" name="test_initialization_with_defaults" time="0.009" /><testcase classname="tests.unit.test_hybrid_router.TestHybridRouterInitialization" name="test_initialization_with_custom_clients" time="0.001" /><testcase classname="tests.unit.test_hybrid_router.TestHybridRouterInitialization" name="test_invalid_traffic_percentage_handling" time="0.001" /><testcase classname="tests.unit.test_hybrid_router.TestHybridRouterConnection" name="test_connect_both_services_success" time="0.001" /><testcase classname="tests.unit.test_hybrid_router.TestHybridRouterConnection" name="test_connect_partial_success" time="0.001" /><testcase classname="tests.unit.test_hybrid_router.TestHybridRouterConnection" name="test_connect_both_services_fail" time="0.001" /><testcase classname="tests.unit.test_hybrid_router.TestHybridRouterConnection" name="test_disconnect_success" time="0.001" /><testcase classname="tests.unit.test_hybrid_router.TestGradualRolloutRouting" name="test_deterministic_hash_routing" time="0.001" /><testcase classname="tests.unit.test_hybrid_router.TestGradualRolloutRouting" name="test_traffic_percentage_distribution" time="0.002" /><testcase classname="tests.unit.test_hybrid_router.TestGradualRolloutRouting" name="test_zero_traffic_percentage" time="0.001" /><testcase classname="tests.unit.test_hybrid_router.TestGradualRolloutRouting" name="test_hundred_percent_traffic" time="0.001" /><testcase classname="tests.unit.test_hybrid_router.TestRoutingStrategies" name="test_openrouter_primary_strategy" time="0.000" /><testcase classname="tests.unit.test_hybrid_router.TestRoutingStrategies" name="test_mcp_primary_strategy" time="0.000" /><testcase classname="tests.unit.test_hybrid_router.TestRoutingStrategies" name="test_round_robin_strategy" time="0.001" /><testcase classname="tests.unit.test_hybrid_router.TestCircuitBreakerIntegration" name="test_circuit_breaker_open_routing" time="0.001" /><testcase classname="tests.unit.test_hybrid_router.TestCircuitBreakerIntegration" name="test_circuit_breaker_closed_routing" time="0.001" /><testcase classname="tests.unit.test_hybrid_router.TestOrchestrationAndFallback" name="test_successful_orchestration" time="0.001" /><testcase classname="tests.unit.test_hybrid_router.TestOrchestrationAndFallback" name="test_orchestration_with_fallback" time="0.001" /><testcase classname="tests.unit.test_hybrid_router.TestOrchestrationAndFallback" name="test_orchestration_both_services_fail" time="0.001" /><testcase classname="tests.unit.test_hybrid_router.TestHealthChecks" name="test_health_check_both_services_healthy" time="0.001" /><testcase classname="tests.unit.test_hybrid_router.TestHealthChecks" name="test_health_check_one_service_degraded" time="0.001" /><testcase classname="tests.unit.test_hybrid_router.TestHealthChecks" name="test_health_check_both_services_unhealthy" time="0.001" /><testcase classname="tests.unit.test_hybrid_router.TestCapabilitiesAndValidation" name="test_get_capabilities_aggregated" time="0.001" /><testcase classname="tests.unit.test_hybrid_router.TestCapabilitiesAndValidation" name="test_validate_query_success" time="0.001" /><testcase classname="tests.unit.test_hybrid_router.TestCapabilitiesAndValidation" name="test_validate_query_with_fallback" time="0.001" /><testcase classname="tests.unit.test_hybrid_router.TestMetricsAndMonitoring" name="test_metrics_initialization" time="0.001" /><testcase classname="tests.unit.test_hybrid_router.TestMetricsAndMonitoring" name="test_metrics_update_on_orchestration" time="0.001" /><testcase classname="tests.unit.test_hybrid_router.TestMetricsAndMonitoring" name="test_get_routing_metrics" time="0.001" /><testcase classname="tests.unit.test_hybrid_router.TestMetricsAndMonitoring" name="test_reset_metrics" time="0.001" /><testcase classname="tests.unit.test_hybrid_router.TestMetricsAndMonitoring" name="test_set_traffic_percentage" time="0.001" /><testcase classname="tests.unit.test_hybrid_router.TestEdgeCasesAndErrorHandling" name="test_empty_workflow_steps" time="0.001" /><testcase classname="tests.unit.test_hybrid_router.TestEdgeCasesAndErrorHandling" name="test_capabilities_both_services_fail" time="0.001" /><testcase classname="tests.unit.test_hybrid_router.TestEdgeCasesAndErrorHandling" name="test_validate_query_both_services_fail" time="0.001" /><testcase classname="tests.unit.test_hybrid_router.TestEdgeCasesAndErrorHandling" name="test_response_time_calculation" time="0.001" /><testcase classname="tests.unit.test_hybrid_routing_enhanced.TestQueryCounselorHybridRouting" name="test_query_counselor_initialization_with_hybrid_routing" time="0.010" /><testcase classname="tests.unit.test_hybrid_routing_enhanced.TestQueryCounselorHybridRouting" name="test_query_counselor_initialization_without_hybrid_routing" time="0.000" /><testcase classname="tests.unit.test_hybrid_routing_enhanced.TestQueryCounselorHybridRouting" name="test_model_selection_for_different_query_types" time="0.009" /><testcase classname="tests.unit.test_hybrid_routing_enhanced.TestQueryCounselorHybridRouting" name="test_model_selection_disabled_when_hybrid_routing_disabled" time="0.000" /><testcase classname="tests.unit.test_hybrid_routing_enhanced.TestQueryCounselorHybridRouting" name="test_intent_analysis_includes_hybrid_routing_metadata" time="0.010" /><testcase classname="tests.unit.test_hybrid_routing_enhanced.TestQueryCounselorHybridRouting" name="test_intent_analysis_without_hybrid_routing_metadata" time="0.001" /><testcase classname="tests.unit.test_hybrid_routing_enhanced.TestQueryCounselorHybridRouting" name="test_workflow_orchestration_with_model_metadata" time="0.012" /><testcase classname="tests.unit.test_hybrid_routing_enhanced.TestHydeProcessorHybridRouting" name="test_hyde_processor_initialization_with_openrouter" time="0.001" /><testcase classname="tests.unit.test_hybrid_routing_enhanced.TestHydeProcessorHybridRouting" name="test_hyde_processor_initialization_without_openrouter" time="0.000" /><testcase classname="tests.unit.test_hybrid_routing_enhanced.TestHydeProcessorHybridRouting" name="test_hyde_prompt_generation" time="0.001" /><testcase classname="tests.unit.test_hybrid_routing_enhanced.TestHydeProcessorHybridRouting" name="test_hypothetical_document_generation_with_openrouter" time="0.002" /><testcase classname="tests.unit.test_hybrid_routing_enhanced.TestHydeProcessorHybridRouting" name="test_hypothetical_document_generation_fallback_to_mock" time="0.069" /><testcase classname="tests.unit.test_hybrid_routing_enhanced.TestHydeProcessorHybridRouting" name="test_hypothetical_document_generation_disabled_openrouter" time="0.064" /><testcase classname="tests.unit.test_hybrid_routing_enhanced.TestHydeProcessorHybridRouting" name="test_document_generation_error_handling" time="0.003" /><testcase classname="tests.unit.test_hybrid_routing_enhanced.TestHybridRoutingPerformance" name="test_hybrid_routing_performance_monitoring" time="0.000" /><testcase classname="tests.unit.test_hybrid_routing_enhanced.TestHybridRoutingPerformance" name="test_hybrid_routing_timeout_handling" time="0.000" /><testcase classname="tests.unit.test_hybrid_routing_enhanced.TestHybridRoutingPerformance" name="test_hybrid_routing_concurrent_requests" time="0.000" /><testcase classname="tests.unit.test_hybrid_routing_enhanced.TestModelSelectionLogic" name="test_model_selection_for_free_models" time="0.001" /><testcase classname="tests.unit.test_hybrid_routing_enhanced.TestModelSelectionLogic" name="test_model_selection_for_premium_models" time="0.000" /><testcase classname="tests.unit.test_hybrid_routing_enhanced.TestModelSelectionLogic" name="test_model_selection_task_type_mapping" time="0.000" /><testcase classname="tests.unit.test_hyde_processor.TestHydeProcessor" name="test_hyde_processor_initialization" time="0.001" /><testcase classname="tests.unit.test_hyde_processor.TestHydeProcessor" name="test_hyde_processor_custom_thresholds" time="0.008" /><testcase classname="tests.unit.test_hyde_processor.TestHydeProcessor" name="test_hyde_processor_none_vector_store" time="0.001" /><testcase classname="tests.unit.test_hyde_processor.TestHydeProcessor" name="test_analyze_query_specificity_empty_query" time="0.002" /><testcase classname="tests.unit.test_hyde_processor.TestHydeProcessor" name="test_analyze_query_specificity_short_query" time="0.001" /><testcase classname="tests.unit.test_hyde_processor.TestHydeProcessor" name="test_analyze_query_specificity_medium_query" time="0.001" /><testcase classname="tests.unit.test_hyde_processor.TestHydeProcessor" name="test_analyze_query_specificity_high_query" time="0.001" /><testcase classname="tests.unit.test_hyde_processor.TestHydeProcessor" name="test_analyze_query_specificity_with_technical_terms" time="0.001" /><testcase classname="tests.unit.test_hyde_processor.TestHydeProcessor" name="test_determine_processing_strategy_low" time="0.001" /><testcase classname="tests.unit.test_hyde_processor.TestHydeProcessor" name="test_determine_processing_strategy_medium" time="0.001" /><testcase classname="tests.unit.test_hyde_processor.TestHydeProcessor" name="test_determine_processing_strategy_high" time="0.001" /><testcase classname="tests.unit.test_hyde_processor.TestHydeProcessor" name="test_enhance_query_direct_strategy" time="0.001" /><testcase classname="tests.unit.test_hyde_processor.TestHydeProcessor" name="test_enhance_query_enhanced_strategy" time="0.003" /><testcase classname="tests.unit.test_hyde_processor.TestHydeProcessor" name="test_enhance_query_hypothetical_strategy" time="0.001" /><testcase classname="tests.unit.test_hyde_processor.TestHydeProcessor" name="test_three_tier_analysis_low_specificity" time="0.136" /><testcase classname="tests.unit.test_hyde_processor.TestHydeProcessor" name="test_three_tier_analysis_medium_specificity" time="0.204" /><testcase classname="tests.unit.test_hyde_processor.TestHydeProcessor" name="test_three_tier_analysis_high_specificity" time="0.202" /><testcase classname="tests.unit.test_hyde_processor.TestHydeProcessor" name="test_three_tier_analysis_empty_query" time="0.003" /><testcase classname="tests.unit.test_hyde_processor.TestHydeProcessor" name="test_three_tier_analysis_none_query" time="0.002" /><testcase classname="tests.unit.test_hyde_processor.TestHydeProcessor" name="test_process_query_basic" time="0.066" /><testcase classname="tests.unit.test_hyde_processor.TestHydeProcessor" name="test_process_query_different_specificity_levels" time="0.270" /><testcase classname="tests.unit.test_hyde_processor.TestHydeProcessor" name="test_process_query_no_results" time="0.069" /><testcase classname="tests.unit.test_hyde_processor.TestHydeProcessor" name="test_process_query_vector_store_failure" time="0.067" /><testcase classname="tests.unit.test_hyde_processor.TestHydeProcessor" name="test_process_query_none_vector_store" time="0.003" /><testcase classname="tests.unit.test_hyde_processor.TestHydeProcessor" name="test_create_embeddings_basic" time="0.001" /><testcase classname="tests.unit.test_hyde_processor.TestHydeProcessor" name="test_create_embeddings_empty_text" time="0.002" /><testcase classname="tests.unit.test_hyde_processor.TestHydeProcessor" name="test_create_embeddings_long_text" time="0.001" /><testcase classname="tests.unit.test_hyde_processor.TestHydeProcessor" name="test_create_search_parameters_basic" time="0.001" /><testcase classname="tests.unit.test_hyde_processor.TestHydeProcessor" name="test_create_search_parameters_custom_limit" time="0.001" /><testcase classname="tests.unit.test_hyde_processor.TestHydeProcessor" name="test_create_search_parameters_custom_collection" time="0.002" /><testcase classname="tests.unit.test_hyde_processor.TestHydeProcessor" name="test_three_tier_analysis_performance_decorator" time="0.002" /><testcase classname="tests.unit.test_hyde_processor.TestHydeProcessor" name="test_process_query_performance_decorator" time="0.002" /><testcase classname="tests.unit.test_hyde_processor.TestHydeProcessor" name="test_concurrent_three_tier_analysis" time="0.069" /><testcase classname="tests.unit.test_hyde_processor.TestHydeProcessor" name="test_concurrent_process_query" time="0.004" /><testcase classname="tests.unit.test_hyde_processor.TestHydeProcessor" name="test_process_query_malformed_input" time="0.203" /><testcase classname="tests.unit.test_hyde_processor.TestHydeProcessor" name="test_three_tier_analysis_special_characters" time="0.263" /><testcase classname="tests.unit.test_hyde_processor.TestHydeProcessor" name="test_hyde_processor_invalid_thresholds" time="0.002" /><testcase classname="tests.unit.test_hyde_processor.TestHydeProcessor" name="test_hyde_processor_threshold_ordering" time="0.002" /><testcase classname="tests.unit.test_hyde_processor.TestHydeProcessor" name="test_end_to_end_processing_workflow" time="0.066" /><testcase classname="tests.unit.test_hyde_processor.TestHydeProcessor" name="test_processing_with_different_vector_store_responses" time="0.002" /><testcase classname="tests.unit.test_main.TestAppCreation" name="test_create_app_with_valid_settings" time="0.001" /><testcase classname="tests.unit.test_main.TestAppCreation" name="test_create_app_production_mode" time="0.002" /><testcase classname="tests.unit.test_main.TestAppCreation" name="test_create_app_with_settings_error" time="0.001" /><testcase classname="tests.unit.test_main.TestAppCreation" name="test_create_app_with_unexpected_error" time="0.002" /><testcase classname="tests.unit.test_main.TestAppCreation" name="test_cors_configuration_dev" time="0.002" /><testcase classname="tests.unit.test_main.TestAppCreation" name="test_cors_configuration_staging" time="0.002" /><testcase classname="tests.unit.test_main.TestAppCreation" name="test_cors_configuration_prod" time="0.002" /><testcase classname="tests.unit.test_main.TestAppCreation" name="test_cors_configuration_unknown_env" time="0.002" /><testcase classname="tests.unit.test_main.TestRootEndpoints" name="test_root_endpoint_with_app_state" time="0.004" /><testcase classname="tests.unit.test_main.TestRootEndpoints" name="test_root_endpoint_without_app_state" time="0.002" /><testcase classname="tests.unit.test_main.TestRootEndpoints" name="test_ping_endpoint" time="0.003" /><testcase classname="tests.unit.test_main.TestLifespanEvents" name="test_lifespan_startup_success" time="0.002" /><testcase classname="tests.unit.test_main.TestLifespanEvents" name="test_lifespan_configuration_validation_error" time="0.002" /><testcase classname="tests.unit.test_main.TestLifespanEvents" name="test_lifespan_unexpected_error" time="0.001" /><testcase classname="tests.unit.test_main.TestMainScriptExecution" name="test_settings_properties_for_main" time="0.001" /><testcase classname="tests.unit.test_main.TestMainScriptExecution" name="test_configuration_error_handling" time="0.000" /><testcase classname="tests.unit.test_main.TestMainScriptExecution" name="test_os_error_handling" time="0.000" /><testcase classname="tests.unit.test_main.TestMainScriptExecution" name="test_runtime_error_handling" time="0.000" /><testcase classname="tests.unit.test_main_core.TestMainCoreApp" name="test_root_endpoint" time="0.002" /><testcase classname="tests.unit.test_main_core.TestMainCoreApp" name="test_health_check_endpoint" time="0.002" /><testcase classname="tests.unit.test_main_core.TestMainCoreApp" name="test_not_found_handler" time="0.002" /><testcase classname="tests.unit.test_main_core.TestMainCoreApp" name="test_api_endpoints_accessible" time="0.006" /><testcase classname="tests.unit.test_main_core.TestMainCoreApp" name="test_cors_middleware_configured" time="0.002" /><testcase classname="tests.unit.test_mcp_integration.TestMCPClient" name="test_client_initialization" time="0.001" /><testcase classname="tests.unit.test_mcp_integration.TestMCPClient" name="test_client_missing_config" time="0.000" /><testcase classname="tests.unit.test_mcp_integration.TestMCPClient" name="test_connect_server" time="0.001" /><testcase classname="tests.unit.test_mcp_integration.TestMCPClient" name="test_connect_unknown_server" time="0.000" /><testcase classname="tests.unit.test_mcp_integration.TestMCPClient" name="test_send_message" time="0.001" /><testcase classname="tests.unit.test_mcp_integration.TestMCPClient" name="test_send_message_not_connected" time="0.001" /><testcase classname="tests.unit.test_mcp_integration.TestMCPClient" name="test_health_check" time="0.001" /><testcase classname="tests.unit.test_mcp_integration.TestMCPConfigurationManager" name="test_server_config_validation" time="0.000" /><testcase classname="tests.unit.test_mcp_integration.TestMCPConfigurationManager" name="test_server_config_invalid" time="0.000" /><testcase classname="tests.unit.test_mcp_integration.TestMCPConfigurationManager" name="test_configuration_bundle" time="0.000" /><testcase classname="tests.unit.test_mcp_integration.TestMCPConfigurationManager" name="test_config_manager_initialization" time="0.001" /><testcase classname="tests.unit.test_mcp_integration.TestMCPConfigurationManager" name="test_add_server_config" time="0.002" /><testcase classname="tests.unit.test_mcp_integration.TestMCPConfigurationManager" name="test_remove_server_config" time="0.001" /><testcase classname="tests.unit.test_mcp_integration.TestMCPConfigurationManager" name="test_get_enabled_servers" time="0.001" /><testcase classname="tests.unit.test_mcp_integration.TestMCPConfigurationManager" name="test_validate_configuration" time="0.000" /><testcase classname="tests.unit.test_mcp_integration.TestMCPConfigurationManager" name="test_get_health_status" time="0.000" /><testcase classname="tests.unit.test_mcp_integration.TestParallelSubagentExecutor" name="test_execution_result" time="0.001" /><testcase classname="tests.unit.test_mcp_integration.TestParallelSubagentExecutor" name="test_execute_subagents_parallel_empty" time="0.001" /><testcase classname="tests.unit.test_mcp_integration.TestParallelSubagentExecutor" name="test_execute_subagents_independent" time="0.002" /><testcase classname="tests.unit.test_mcp_integration.TestParallelSubagentExecutor" name="test_execute_subagents_consensus" time="0.001" /><testcase classname="tests.unit.test_mcp_integration.TestParallelSubagentExecutor" name="test_execute_subagents_pipeline" time="0.001" /><testcase classname="tests.unit.test_mcp_integration.TestParallelSubagentExecutor" name="test_execute_subagents_invalid_strategy" time="0.001" /><testcase classname="tests.unit.test_mcp_integration.TestParallelSubagentExecutor" name="test_simulate_subagent_execution" time="0.001" /><testcase classname="tests.unit.test_mcp_integration.TestParallelSubagentExecutor" name="test_build_consensus" time="0.001" /><testcase classname="tests.unit.test_mcp_integration.TestParallelSubagentExecutor" name="test_get_execution_statistics" time="0.001" /><testcase classname="tests.unit.test_mcp_integration.TestParallelSubagentExecutor" name="test_health_check" time="0.002" /><testcase classname="tests.unit.test_mcp_integration.TestParallelSubagentExecutor" name="test_simulate_subagent_execution_with_routing" time="0.001" /><testcase classname="tests.unit.test_mcp_integration.TestParallelSubagentExecutor" name="test_simulate_subagent_execution_with_fallback" time="0.001" /><testcase classname="tests.unit.test_mcp_integration.TestMCPHealthIntegration" name="test_docker_mcp_client_initialization" time="0.000" /><testcase classname="tests.unit.test_mcp_integration.TestMCPHealthIntegration" name="test_docker_mcp_client_methods" time="0.000" /><testcase classname="tests.unit.test_mcp_integration.TestMCPHealthIntegration" name="test_mcp_configuration_manager_edge_cases" time="0.000" /><testcase classname="tests.unit.test_mcp_integration.TestMCPHealthIntegration" name="test_mcp_client_edge_cases" time="0.000" /><testcase classname="tests.unit.test_mcp_integration.TestMCPHealthIntegration" name="test_execution_result_edge_cases" time="0.000" /><testcase classname="tests.unit.test_mcp_integration.TestMCPHealthIntegration" name="test_mcp_server_config_docker_features" time="0.000" /><testcase classname="tests.unit.test_mcp_integration.TestMCPHealthIntegration" name="test_configuration_bundle_validation" time="0.000" /><testcase classname="tests.unit.test_mcp_integration.TestMCPHealthIntegration" name="test_config_manager_save_configuration" time="0.001" /><testcase classname="tests.unit.test_mcp_integration.TestMCPHealthIntegration" name="test_config_manager_validation_edge_cases" time="0.000" /><testcase classname="tests.unit.test_mcp_integration.TestMCPHealthIntegration" name="test_parallel_executor_error_handling" time="0.001" /><testcase classname="tests.unit.test_mcp_integration.TestMCPHealthIntegration" name="test_mcp_client_connection_cleanup" time="0.001" /><testcase classname="tests.unit.test_mcp_integration.TestMCPHealthIntegration" name="test_mcp_client_send_message_edge_cases" time="0.000" /><testcase classname="tests.unit.test_model_registry.TestModelCapabilities" name="test_valid_model_capabilities" time="0.000" /><testcase classname="tests.unit.test_model_registry.TestModelCapabilities" name="test_model_capabilities_validation_errors" time="0.001" /><testcase classname="tests.unit.test_model_registry.TestModelCapabilities" name="test_is_free_property" time="0.000" /><testcase classname="tests.unit.test_model_registry.TestModelCapabilities" name="test_estimated_cost_property" time="0.000" /><testcase classname="tests.unit.test_model_registry.TestModelCapabilities" name="test_model_capabilities_with_warnings" time="0.000" /><testcase classname="tests.unit.test_model_registry.TestModelRegistryConfig" name="test_valid_config" time="0.000" /><testcase classname="tests.unit.test_model_registry.TestModelRegistryConfig" name="test_fallback_depth_validation" time="0.000" /><testcase classname="tests.unit.test_model_registry.TestModelRegistryConfig" name="test_unknown_category_warning" time="0.000" /><testcase classname="tests.unit.test_model_registry.TestModelRegistry" name="test_registry_initialization_with_config_file" time="0.003" /><testcase classname="tests.unit.test_model_registry.TestModelRegistry" name="test_registry_initialization_with_missing_config" time="0.001" /><testcase classname="tests.unit.test_model_registry.TestModelRegistry" name="test_registry_initialization_with_invalid_config" time="0.001" /><testcase classname="tests.unit.test_model_registry.TestModelRegistry" name="test_get_model_capabilities" time="0.002" /><testcase classname="tests.unit.test_model_registry.TestModelRegistry" name="test_list_models" time="0.002" /><testcase classname="tests.unit.test_model_registry.TestModelRegistry" name="test_get_fallback_chain" time="0.002" /><testcase classname="tests.unit.test_model_registry.TestModelRegistry" name="test_fallback_chain_depth_limiting" time="0.007" /><testcase classname="tests.unit.test_model_registry.TestModelRegistry" name="test_convert_model_name" time="0.002" /><testcase classname="tests.unit.test_model_registry.TestModelRegistry" name="test_select_best_model" time="0.002" /><testcase classname="tests.unit.test_model_registry.TestModelRegistry" name="test_get_rate_limit" time="0.002" /><testcase classname="tests.unit.test_model_registry.TestModelRegistry" name="test_is_model_available" time="0.002" /><testcase classname="tests.unit.test_model_registry.TestModelRegistry" name="test_get_model_cost" time="0.008" /><testcase classname="tests.unit.test_model_registry.TestModelRegistry" name="test_reload_config" time="0.003" /><testcase classname="tests.unit.test_model_registry.TestModelRegistry" name="test_environment_variable_integration" time="0.008" /><testcase classname="tests.unit.test_model_registry.TestModelRegistry" name="test_disabled_model_filtering" time="0.007" /><testcase classname="tests.unit.test_model_registry.TestModelRegistry" name="test_select_best_model_with_context_requirement" time="0.002" /><testcase classname="tests.unit.test_model_registry.TestGlobalRegistry" name="test_get_model_registry_singleton" time="0.008" /><testcase classname="tests.unit.test_model_registry.TestGlobalRegistry" name="test_reload_model_registry" time="0.014" /><testcase classname="tests.unit.test_model_registry.TestEdgeCases" name="test_empty_yaml_config" time="0.001" /><testcase classname="tests.unit.test_model_registry.TestEdgeCases" name="test_malformed_model_in_config" time="0.001" /><testcase classname="tests.unit.test_model_registry.TestEdgeCases" name="test_select_best_model_no_candidates" time="0.007" /><testcase classname="tests.unit.test_monitoring_functions.TestMonitoringFunctions" name="test_get_metrics" time="0.001" /><testcase classname="tests.unit.test_monitoring_functions.TestMonitoringFunctions" name="test_get_sla_compliance" time="0.001" /><testcase classname="tests.unit.test_monitoring_functions.TestMonitoringFunctions" name="test_get_sla_violations" time="0.001" /><testcase classname="tests.unit.test_monitoring_functions.TestMonitoringFunctions" name="test_get_sla_violations_with_since" time="0.001" /><testcase classname="tests.unit.test_monitoring_functions.TestMonitoringFunctions" name="test_get_health" time="0.001" /><testcase classname="tests.unit.test_monitoring_functions.TestMonitoringFunctions" name="test_reset_metrics" time="0.001" /><testcase classname="tests.unit.test_monitoring_functions.TestMonitoringFunctions" name="test_clear_sla_violations" time="0.001" /><testcase classname="tests.unit.test_monitoring_functions.TestMonitoringFunctions" name="test_get_system_resources" time="0.001" /><testcase classname="tests.unit.test_monitoring_functions.TestMonitoringFunctions" name="test_start_resource_monitoring" time="0.002" /><testcase classname="tests.unit.test_monitoring_functions.TestMonitoringFunctions" name="test_stop_resource_monitoring" time="0.001" /><testcase classname="tests.unit.test_monitoring_functions.TestEdgeCases" name="test_empty_metrics" time="0.001" /><testcase classname="tests.unit.test_monitoring_functions.TestEdgeCases" name="test_all_sla_compliant" time="0.001" /><testcase classname="tests.unit.test_monitoring_functions.TestEdgeCases" name="test_no_violations" time="0.001" /><testcase classname="tests.unit.test_monitoring_functions.TestEdgeCases" name="test_metrics_count_calculation" time="0.001" /><testcase classname="tests.unit.test_monitoring_functions.TestMonitoringModels" name="test_metrics_response_model" time="0.000" /><testcase classname="tests.unit.test_monitoring_functions.TestMonitoringModels" name="test_sla_compliance_response_model" time="0.000" /><testcase classname="tests.unit.test_monitoring_functions.TestMonitoringModels" name="test_sla_violation_response_model" time="0.000" /><testcase classname="tests.unit.test_monitoring_functions.TestMonitoringModels" name="test_health_response_model" time="0.000" /><testcase classname="tests.unit.test_openrouter_client.TestOpenRouterClient" name="test_init_with_default_settings" time="0.002" /><testcase classname="tests.unit.test_openrouter_client.TestOpenRouterClient" name="test_init_with_custom_parameters" time="0.001" /><testcase classname="tests.unit.test_openrouter_client.TestOpenRouterClient" name="test_init_without_api_key" time="0.001" /><testcase classname="tests.unit.test_openrouter_client.TestOpenRouterClient" name="test_get_headers_with_api_key" time="0.001" /><testcase classname="tests.unit.test_openrouter_client.TestOpenRouterClient" name="test_get_headers_without_api_key" time="0.001" /><testcase classname="tests.unit.test_openrouter_client.TestOpenRouterClientConnection" name="test_connect_success" time="0.002" /><testcase classname="tests.unit.test_openrouter_client.TestOpenRouterClientConnection" name="test_connect_authentication_failure" time="7.473" /><testcase classname="tests.unit.test_openrouter_client.TestOpenRouterClientConnection" name="test_connect_degraded_state" time="0.002" /><testcase classname="tests.unit.test_openrouter_client.TestOpenRouterClientConnection" name="test_disconnect_success" time="0.002" /><testcase classname="tests.unit.test_openrouter_client.TestOpenRouterClientConnection" name="test_disconnect_with_error" time="0.002" /><testcase classname="tests.unit.test_openrouter_client.TestOpenRouterClientHealthCheck" name="test_health_check_healthy" time="0.002" /><testcase classname="tests.unit.test_openrouter_client.TestOpenRouterClientHealthCheck" name="test_health_check_degraded" time="0.002" /><testcase classname="tests.unit.test_openrouter_client.TestOpenRouterClientHealthCheck" name="test_health_check_unhealthy" time="0.002" /><testcase classname="tests.unit.test_openrouter_client.TestOpenRouterClientValidation" name="test_validate_query_valid" time="0.001" /><testcase classname="tests.unit.test_openrouter_client.TestOpenRouterClientValidation" name="test_validate_query_too_long" time="0.003" /><testcase classname="tests.unit.test_openrouter_client.TestOpenRouterClientValidation" name="test_validate_query_suspicious_content" time="0.001" /><testcase classname="tests.unit.test_openrouter_client.TestOpenRouterClientValidation" name="test_validate_query_excessive_repetition" time="0.001" /><testcase classname="tests.unit.test_openrouter_client.TestOpenRouterClientOrchestration" name="test_orchestrate_agents_success" time="0.002" /><testcase classname="tests.unit.test_openrouter_client.TestOpenRouterClientOrchestration" name="test_orchestrate_agents_connection_error" time="7.478" /><testcase classname="tests.unit.test_openrouter_client.TestOpenRouterClientOrchestration" name="test_execute_single_step_timeout" time="0.004" /><testcase classname="tests.unit.test_openrouter_client.TestOpenRouterClientOrchestration" name="test_execute_single_step_no_query" time="0.002" /><testcase classname="tests.unit.test_openrouter_client.TestOpenRouterClientErrorHandling" name="test_handle_api_error_authentication" time="0.001" /><testcase classname="tests.unit.test_openrouter_client.TestOpenRouterClientErrorHandling" name="test_handle_api_error_rate_limit" time="0.001" /><testcase classname="tests.unit.test_openrouter_client.TestOpenRouterClientErrorHandling" name="test_handle_api_error_validation" time="0.001" /><testcase classname="tests.unit.test_openrouter_client.TestOpenRouterClientErrorHandling" name="test_calculate_confidence_basic" time="0.001" /><testcase classname="tests.unit.test_openrouter_client.TestOpenRouterClientErrorHandling" name="test_calculate_confidence_short_content" time="0.001" /><testcase classname="tests.unit.test_openrouter_client.TestOpenRouterClientCapabilities" name="test_get_capabilities_success" time="0.002" /><testcase classname="tests.unit.test_openrouter_client.TestOpenRouterClientCapabilities" name="test_get_capabilities_error" time="0.003" /><testcase classname="tests.unit.test_openrouter_client.TestOpenRouterClientIntegration" name="test_full_workflow_integration" time="0.003" /><testcase classname="tests.unit.test_parallel_executor_comprehensive.TestExecutionResult" name="test_execution_result_initialization" time="0.000" /><testcase classname="tests.unit.test_parallel_executor_comprehensive.TestExecutionResult" name="test_execution_result_initialization_defaults" time="0.000" /><testcase classname="tests.unit.test_parallel_executor_comprehensive.TestExecutionResult" name="test_execution_result_initialization_with_error" time="0.000" /><testcase classname="tests.unit.test_parallel_executor_comprehensive.TestExecutionResult" name="test_execution_result_to_dict" time="0.000" /><testcase classname="tests.unit.test_parallel_executor_comprehensive.TestExecutionResult" name="test_execution_result_to_dict_with_error" time="0.000" /><testcase classname="tests.unit.test_parallel_executor_comprehensive.TestParallelSubagentExecutor" name="test_parallel_executor_initialization" time="0.001" /><testcase classname="tests.unit.test_parallel_executor_comprehensive.TestParallelSubagentExecutor" name="test_parallel_executor_initialization_with_docker_client" time="0.001" /><testcase classname="tests.unit.test_parallel_executor_comprehensive.TestParallelSubagentExecutor" name="test_get_max_workers_valid_config" time="0.001" /><testcase classname="tests.unit.test_parallel_executor_comprehensive.TestParallelSubagentExecutor" name="test_get_max_workers_exceeds_cap" time="0.000" /><testcase classname="tests.unit.test_parallel_executor_comprehensive.TestParallelSubagentExecutor" name="test_get_max_workers_invalid_config" time="0.000" /><testcase classname="tests.unit.test_parallel_executor_comprehensive.TestParallelSubagentExecutor" name="test_get_max_workers_missing_config" time="0.001" /><testcase classname="tests.unit.test_parallel_executor_comprehensive.TestParallelSubagentExecutor" name="test_select_optimal_client_docker_available" time="0.002" /><testcase classname="tests.unit.test_parallel_executor_comprehensive.TestParallelSubagentExecutor" name="test_select_optimal_client_feature_not_supported" time="0.002" /><testcase classname="tests.unit.test_parallel_executor_comprehensive.TestParallelSubagentExecutor" name="test_select_optimal_client_docker_not_available" time="0.001" /><testcase classname="tests.unit.test_parallel_executor_comprehensive.TestParallelSubagentExecutor" name="test_select_optimal_client_no_tool_name" time="0.001" /><testcase classname="tests.unit.test_parallel_executor_comprehensive.TestParallelSubagentExecutor" name="test_select_optimal_client_self_hosted_preference" time="0.002" /><testcase classname="tests.unit.test_parallel_executor_comprehensive.TestParallelSubagentExecutor" name="test_select_optimal_client_no_server_config" time="0.001" /><testcase classname="tests.unit.test_parallel_executor_comprehensive.TestParallelSubagentExecutor" name="test_select_optimal_client_logging" time="0.002" /><testcase classname="tests.unit.test_parallel_executor_comprehensive.TestParallelSubagentExecutor" name="test_execution_history_initialization" time="0.001" /><testcase classname="tests.unit.test_parallel_executor_comprehensive.TestParallelSubagentExecutor" name="test_timeout_configuration" time="0.001" /><testcase classname="tests.unit.test_parallel_executor_comprehensive.TestParallelSubagentExecutor" name="test_logger_mixin_inheritance" time="0.000" /><testcase classname="tests.unit.test_parallel_executor_comprehensive.TestParallelSubagentExecutor" name="test_select_optimal_client_exception_handling" time="0.002" /><testcase classname="tests.unit.test_parallel_executor_comprehensive.TestParallelSubagentExecutor" name="test_parallel_executor_attributes_types" time="0.001" /><testcase classname="tests.unit.test_parallel_executor_comprehensive.TestParallelSubagentExecutor" name="test_select_optimal_client_with_different_preferences" time="0.002" /><testcase classname="tests.unit.test_parallel_executor_comprehensive.TestParallelSubagentExecutor" name="test_select_optimal_client_memory_considerations" time="0.002" /><testcase classname="tests.unit.test_parallel_executor_comprehensive.TestParallelSubagentExecutor" name="test_max_workers_boundary_conditions" time="0.001" /><testcase classname="tests.unit.test_parallel_executor_comprehensive.TestParallelSubagentExecutor" name="test_execution_result_timestamp_accuracy" time="0.000" /><testcase classname="tests.unit.test_parallel_executor_comprehensive.TestParallelSubagentExecutor" name="test_execution_result_immutability_after_creation" time="0.000" /><testcase classname="tests.unit.test_parallel_executor_comprehensive.TestParallelSubagentExecutor" name="test_execution_result_with_complex_data_types" time="0.000" /><testcase classname="tests.unit.test_performance_monitor.TestMetricData" name="test_metric_data_creation" time="0.000" /><testcase classname="tests.unit.test_performance_monitor.TestMetricData" name="test_metric_data_with_labels" time="0.000" /><testcase classname="tests.unit.test_performance_monitor.TestPerformanceMonitor" name="test_monitor_initialization" time="0.000" /><testcase classname="tests.unit.test_performance_monitor.TestPerformanceMonitor" name="test_record_counter_metric" time="0.000" /><testcase classname="tests.unit.test_performance_monitor.TestPerformanceMonitor" name="test_record_gauge_metric" time="0.000" /><testcase classname="tests.unit.test_performance_monitor.TestPerformanceMonitor" name="test_record_histogram_metric" time="0.000" /><testcase classname="tests.unit.test_performance_monitor.TestPerformanceMonitor" name="test_record_timer_metric" time="0.000" /><testcase classname="tests.unit.test_performance_monitor.TestPerformanceMonitor" name="test_percentile_calculation" time="0.000" /><testcase classname="tests.unit.test_performance_monitor.TestPerformanceMonitor" name="test_get_all_metrics" time="0.000" /><testcase classname="tests.unit.test_performance_monitor.TestPerformanceMonitor" name="test_reset_metrics" time="0.001" /><testcase classname="tests.unit.test_performance_monitor.TestSLAMonitor" name="test_sla_monitor_initialization" time="0.000" /><testcase classname="tests.unit.test_performance_monitor.TestSLAMonitor" name="test_sla_monitor_custom_targets" time="0.000" /><testcase classname="tests.unit.test_performance_monitor.TestSLAMonitor" name="test_check_sla_compliance_success" time="0.000" /><testcase classname="tests.unit.test_performance_monitor.TestSLAMonitor" name="test_check_sla_compliance_violations" time="0.000" /><testcase classname="tests.unit.test_performance_monitor.TestSLAMonitor" name="test_get_violations_with_time_filter" time="0.000" /><testcase classname="tests.unit.test_performance_monitor.TestSLAMonitor" name="test_clear_violations" time="0.001" /><testcase classname="tests.unit.test_performance_monitor.TestPerformanceTracker" name="test_performance_tracker_success" time="0.011" /><testcase classname="tests.unit.test_performance_monitor.TestPerformanceTracker" name="test_performance_tracker_failure" time="0.000" /><testcase classname="tests.unit.test_performance_monitor.TestPerformanceTracker" name="test_performance_tracker_with_labels" time="0.012" /><testcase classname="tests.unit.test_performance_monitor.TestSystemResourceMonitor" name="test_start_stop_monitoring" time="0.210" /><testcase classname="tests.unit.test_performance_monitor.TestSystemResourceMonitor" name="test_monitoring_already_started" time="0.001" /><testcase classname="tests.unit.test_performance_monitor.TestSystemResourceMonitor" name="test_stopping_not_started_monitoring" time="0.000" /><testcase classname="tests.unit.test_performance_monitor.TestGlobalFunctions" name="test_get_performance_monitor" time="0.000" /><testcase classname="tests.unit.test_performance_monitor.TestGlobalFunctions" name="test_get_sla_monitor" time="0.000" /><testcase classname="tests.unit.test_performance_monitor.TestGlobalFunctions" name="test_track_performance" time="0.000" /><testcase classname="tests.unit.test_performance_monitor.TestGlobalFunctions" name="test_track_performance_with_labels" time="0.000" /><testcase classname="tests.unit.test_performance_monitor.TestMetricType" name="test_metric_type_values" time="0.000" /><testcase classname="tests.unit.test_performance_optimizer.TestLRUCache" name="test_lru_cache_initialization" time="0.000" /><testcase classname="tests.unit.test_performance_optimizer.TestLRUCache" name="test_lru_cache_basic_operations" time="0.000" /><testcase classname="tests.unit.test_performance_optimizer.TestLRUCache" name="test_lru_cache_capacity_limit" time="0.000" /><testcase classname="tests.unit.test_performance_optimizer.TestLRUCache" name="test_lru_cache_access_order" time="0.000" /><testcase classname="tests.unit.test_performance_optimizer.TestLRUCache" name="test_lru_cache_ttl_expiration" time="0.206" /><testcase classname="tests.unit.test_performance_optimizer.TestLRUCache" name="test_lru_cache_update_existing_key" time="0.000" /><testcase classname="tests.unit.test_performance_optimizer.TestLRUCache" name="test_lru_cache_clear" time="0.000" /><testcase classname="tests.unit.test_performance_optimizer.TestLRUCache" name="test_lru_cache_statistics" time="0.000" /><testcase classname="tests.unit.test_performance_optimizer.TestLRUCache" name="test_lru_cache_contains" time="0.000" /><testcase classname="tests.unit.test_performance_optimizer.TestLRUCache" name="test_lru_cache_with_none_values" time="0.000" /><testcase classname="tests.unit.test_performance_optimizer.TestLRUCache" name="test_lru_cache_edge_cases" time="0.003" /><testcase classname="tests.unit.test_performance_optimizer.TestPerformanceMonitor" name="test_performance_monitor_initialization" time="0.000" /><testcase classname="tests.unit.test_performance_optimizer.TestPerformanceMonitor" name="test_performance_monitor_start_operation" time="0.000" /><testcase classname="tests.unit.test_performance_optimizer.TestPerformanceMonitor" name="test_performance_monitor_complete_operation" time="0.011" /><testcase classname="tests.unit.test_performance_optimizer.TestPerformanceMonitor" name="test_performance_monitor_error_operation" time="0.012" /><testcase classname="tests.unit.test_performance_optimizer.TestPerformanceMonitor" name="test_performance_monitor_multiple_operations" time="0.034" /><testcase classname="tests.unit.test_performance_optimizer.TestPerformanceMonitor" name="test_performance_monitor_statistics" time="0.055" /><testcase classname="tests.unit.test_performance_optimizer.TestPerformanceMonitor" name="test_performance_monitor_get_recent_operations" time="0.013" /><testcase classname="tests.unit.test_performance_optimizer.TestPerformanceMonitor" name="test_performance_monitor_clear_metrics" time="0.000" /><testcase classname="tests.unit.test_performance_optimizer.TestPerformanceMonitor" name="test_performance_monitor_slow_operation_detection" time="0.072" /><testcase classname="tests.unit.test_performance_optimizer.TestPerformanceMonitor" name="test_performance_monitor_concurrent_operations" time="0.012" /><testcase classname="tests.unit.test_performance_optimizer.TestPerformanceOptimizer" name="test_performance_optimizer_initialization" time="0.001" /><testcase classname="tests.unit.test_performance_optimizer.TestPerformanceOptimizer" name="test_performance_optimizer_cache_access" time="0.000" /><testcase classname="tests.unit.test_performance_optimizer.TestPerformanceOptimizer" name="test_performance_optimizer_monitoring" time="0.011" /><testcase classname="tests.unit.test_performance_optimizer.TestPerformanceOptimizer" name="test_performance_optimizer_statistics" time="0.011" /><testcase classname="tests.unit.test_performance_optimizer.TestPerformanceOptimizer" name="test_performance_optimizer_clear_all_caches" time="0.000" /><testcase classname="tests.unit.test_performance_optimizer.TestPerformanceOptimizer" name="test_performance_optimizer_warm_up" time="0.001" /><testcase classname="tests.unit.test_performance_optimizer.TestAsyncBatcher" name="test_async_batcher_initialization" time="0.000" /><testcase classname="tests.unit.test_performance_optimizer.TestAsyncBatcher" name="test_async_batcher_add_items" time="0.011" /><testcase classname="tests.unit.test_performance_optimizer.TestAsyncBatcher" name="test_async_batcher_flush_interval" time="0.155" /><testcase classname="tests.unit.test_performance_optimizer.TestAsyncBatcher" name="test_async_batcher_manual_flush" time="0.001" /><testcase classname="tests.unit.test_performance_optimizer.TestAsyncBatcher" name="test_async_batcher_shutdown" time="0.001" /><testcase classname="tests.unit.test_performance_optimizer.TestConnectionPool" name="test_connection_pool_initialization" time="0.000" /><testcase classname="tests.unit.test_performance_optimizer.TestConnectionPool" name="test_connection_pool_acquire_release" time="0.001" /><testcase classname="tests.unit.test_performance_optimizer.TestConnectionPool" name="test_connection_pool_reuse" time="0.001" /><testcase classname="tests.unit.test_performance_optimizer.TestConnectionPool" name="test_connection_pool_max_size" time="0.109" /><testcase classname="tests.unit.test_performance_optimizer.TestConnectionPool" name="test_connection_pool_context_manager" time="0.001" /><testcase classname="tests.unit.test_performance_optimizer.TestConnectionPool" name="test_connection_pool_close_all" time="0.001" /><testcase classname="tests.unit.test_performance_optimizer.TestPerformanceDecorators" name="test_cache_query_analysis_decorator" time="0.000" /><testcase classname="tests.unit.test_performance_optimizer.TestPerformanceDecorators" name="test_cache_hyde_processing_decorator" time="0.000" /><testcase classname="tests.unit.test_performance_optimizer.TestPerformanceDecorators" name="test_cache_vector_search_decorator" time="0.000" /><testcase classname="tests.unit.test_performance_optimizer.TestPerformanceDecorators" name="test_monitor_performance_decorator" time="0.011" /><testcase classname="tests.unit.test_performance_optimizer.TestPerformanceDecorators" name="test_decorator_error_handling" time="0.001" /><testcase classname="tests.unit.test_performance_optimizer.TestGlobalFunctions" name="test_get_performance_stats" time="0.000" /><testcase classname="tests.unit.test_performance_optimizer.TestGlobalFunctions" name="test_clear_all_caches" time="0.000" /><testcase classname="tests.unit.test_performance_optimizer.TestGlobalFunctions" name="test_warm_up_system" time="0.001" /><testcase classname="tests.unit.test_performance_optimizer.TestGlobalFunctions" name="test_performance_metric_model" time="0.000" /><testcase classname="tests.unit.test_performance_optimizer.TestPerformanceIntegration" name="test_end_to_end_performance_optimization" time="0.011" /><testcase classname="tests.unit.test_performance_optimizer.TestPerformanceIntegration" name="test_concurrent_performance_optimization" time="0.011" /><testcase classname="tests.unit.test_performance_optimizer.TestPerformanceIntegration" name="test_performance_configuration_validation" time="0.000" /><testcase classname="tests.unit.test_performance_optimizer.TestPerformanceMemoryManagement" name="test_cache_memory_limit" time="0.000" /><testcase classname="tests.unit.test_performance_optimizer.TestPerformanceMemoryManagement" name="test_monitor_memory_efficiency" time="0.000" /><testcase classname="tests.unit.test_performance_optimizer.TestPerformanceMemoryManagement" name="test_cache_cleanup_on_ttl" time="0.108" /><testcase classname="tests.unit.test_query_counselor.TestQueryCounselor" name="test_query_counselor_initialization" time="0.007" /><testcase classname="tests.unit.test_query_counselor.TestQueryCounselor" name="test_query_counselor_initialization_with_custom_threshold" time="0.003" /><testcase classname="tests.unit.test_query_counselor.TestQueryCounselor" name="test_analyze_intent_basic" time="0.004" /><testcase classname="tests.unit.test_query_counselor.TestQueryCounselor" name="test_analyze_intent_different_query_types" time="0.004" /><testcase classname="tests.unit.test_query_counselor.TestQueryCounselor" name="test_analyze_intent_empty_query" time="0.005" /><testcase classname="tests.unit.test_query_counselor.TestQueryCounselor" name="test_analyze_intent_very_short_query" time="0.004" /><testcase classname="tests.unit.test_query_counselor.TestQueryCounselor" name="test_analyze_intent_long_query" time="0.004" /><testcase classname="tests.unit.test_query_counselor.TestQueryCounselor" name="test_select_agents_basic" time="0.004" /><testcase classname="tests.unit.test_query_counselor.TestQueryCounselor" name="test_select_agents_security_query" time="0.004" /><testcase classname="tests.unit.test_query_counselor.TestQueryCounselor" name="test_select_agents_performance_query" time="0.003" /><testcase classname="tests.unit.test_query_counselor.TestQueryCounselor" name="test_select_agents_mcp_client_failure" time="0.004" /><testcase classname="tests.unit.test_query_counselor.TestQueryCounselor" name="test_orchestrate_workflow_basic" time="0.004" /><testcase classname="tests.unit.test_query_counselor.TestQueryCounselor" name="test_orchestrate_workflow_with_multiple_agents" time="0.004" /><testcase classname="tests.unit.test_query_counselor.TestQueryCounselor" name="test_orchestrate_workflow_agent_failure" time="0.003" /><testcase classname="tests.unit.test_query_counselor.TestQueryCounselor" name="test_synthesize_response_basic" time="0.004" /><testcase classname="tests.unit.test_query_counselor.TestQueryCounselor" name="test_synthesize_response_empty_workflow" time="0.004" /><testcase classname="tests.unit.test_query_counselor.TestQueryCounselor" name="test_process_query_basic" time="0.004" /><testcase classname="tests.unit.test_query_counselor.TestQueryCounselor" name="test_process_query_with_different_types" time="0.005" /><testcase classname="tests.unit.test_query_counselor.TestQueryCounselor" name="test_process_query_with_hyde_basic" time="0.005" /><testcase classname="tests.unit.test_query_counselor.TestQueryCounselor" name="test_process_query_with_hyde_different_specificity_levels" time="0.004" /><testcase classname="tests.unit.test_query_counselor.TestQueryCounselor" name="test_process_query_mcp_failure" time="0.004" /><testcase classname="tests.unit.test_query_counselor.TestQueryCounselor" name="test_process_query_with_hyde_processor_failure" time="0.004" /><testcase classname="tests.unit.test_query_counselor.TestQueryCounselor" name="test_analyze_intent_performance_decorator" time="0.003" /><testcase classname="tests.unit.test_query_counselor.TestQueryCounselor" name="test_concurrent_query_processing" time="0.004" /><testcase classname="tests.unit.test_query_counselor.TestQueryCounselor" name="test_process_query_none_input" time="0.004" /><testcase classname="tests.unit.test_query_counselor.TestQueryCounselor" name="test_process_query_whitespace_input" time="0.005" /><testcase classname="tests.unit.test_query_counselor.TestQueryCounselor" name="test_process_query_very_long_input" time="0.004" /><testcase classname="tests.unit.test_query_counselor.TestQueryCounselor" name="test_query_counselor_with_none_dependencies" time="0.000" /><testcase classname="tests.unit.test_query_counselor.TestQueryCounselor" name="test_query_counselor_with_invalid_threshold" time="0.003" /><testcase classname="tests.unit.test_query_counselor_hyde_integration.TestQueryCounselorHydeIntegration" name="test_hyde_processor_initialization" time="0.002" /><testcase classname="tests.unit.test_query_counselor_hyde_integration.TestQueryCounselorHydeIntegration" name="test_process_query_with_hyde_simple_query" time="0.002" /><testcase classname="tests.unit.test_query_counselor_hyde_integration.TestQueryCounselorHydeIntegration" name="test_process_query_with_hyde_complex_query" time="0.003" /><testcase classname="tests.unit.test_query_counselor_hyde_integration.TestQueryCounselorHydeIntegration" name="test_get_processing_recommendation" time="0.002" /><testcase classname="tests.unit.test_query_counselor_hyde_integration.TestQueryCounselorHydeIntegration" name="test_performance_tracking_integration" time="0.003" /><testcase classname="tests.unit.test_query_counselor_hyde_integration.TestQueryCounselorHydeIntegration" name="test_error_handling_in_hyde_integration" time="0.003" /><testcase classname="tests.unit.test_query_counselor_hyde_integration.TestQueryCounselorHydeIntegration" name="test_confidence_enhancement_with_hyde" time="0.003" /><testcase classname="tests.unit.test_query_counselor_hyde_integration.TestQueryCounselorHydeIntegration" name="test_concurrent_processing_capability" time="0.004" /><testcase classname="tests.unit.test_query_counselor_hyde_integration.TestQueryCounselorHydeIntegration" name="test_hyde_integration_metadata_completeness" time="0.003" /><testcase classname="tests.unit.test_query_counselor_hyde_integration.TestQueryCounselorHydeIntegration" name="test_sla_compliance_under_load" time="0.012" /><testcase classname="tests.unit.test_query_counselor_hyde_integration.TestPerformanceIntegration" name="test_performance_monitor_integration" time="0.001" /><testcase classname="tests.unit.test_query_counselor_hyde_integration.TestPerformanceIntegration" name="test_memory_usage_stability" time="0.331" /><testcase classname="tests.unit.test_registry_collision_scenarios.TestRegistryCollisionScenarios" name="test_duplicate_agent_id_collision" time="0.001" /><testcase classname="tests.unit.test_registry_collision_scenarios.TestRegistryCollisionScenarios" name="test_case_sensitive_agent_id_collision" time="0.000" /><testcase classname="tests.unit.test_registry_collision_scenarios.TestRegistryCollisionScenarios" name="test_similar_agent_id_collision_prevention" time="0.000" /><testcase classname="tests.unit.test_registry_collision_scenarios.TestRegistryCollisionScenarios" name="test_capability_collision_handling" time="0.001" /><testcase classname="tests.unit.test_registry_collision_scenarios.TestRegistryCollisionScenarios" name="test_namespace_collision_simulation" time="0.000" /><testcase classname="tests.unit.test_registry_collision_scenarios.TestRegistryCollisionScenarios" name="test_concurrent_registration_collision" time="0.013" /><testcase classname="tests.unit.test_registry_collision_scenarios.TestRegistryCollisionScenarios" name="test_registration_rollback_on_collision" time="0.001" /><testcase classname="tests.unit.test_registry_collision_scenarios.TestRegistryCollisionScenarios" name="test_global_registry_collision_isolation" time="0.000" /><testcase classname="tests.unit.test_registry_collision_scenarios.TestRegistryCollisionScenarios" name="test_agent_id_format_collision_prevention" time="0.000" /><testcase classname="tests.unit.test_registry_collision_scenarios.TestRegistryCollisionScenarios" name="test_capability_conflict_resolution" time="0.001" /><testcase classname="tests.unit.test_registry_collision_scenarios.TestRegistryCollisionScenarios" name="test_registry_state_consistency_after_collisions" time="0.001" /><testcase classname="tests.unit.test_registry_collision_scenarios.TestRegistryCollisionScenarios" name="test_decorator_collision_behavior" time="0.000" /><testcase classname="tests.unit.test_registry_collision_scenarios.TestRegistryCollisionScenarios" name="test_mass_registration_collision_handling" time="0.002" /><testcase classname="tests.unit.test_registry_collision_scenarios.TestRegistryCollisionScenarios" name="test_unregister_after_collision" time="0.000" /><testcase classname="tests.unit.test_security_hardening.TestRateLimiting" name="test_get_client_identifier_x_forwarded_for" time="0.000" /><testcase classname="tests.unit.test_security_hardening.TestRateLimiting" name="test_get_client_identifier_x_real_ip" time="0.000" /><testcase classname="tests.unit.test_security_hardening.TestRateLimiting" name="test_get_client_identifier_fallback" time="0.000" /><testcase classname="tests.unit.test_security_hardening.TestRateLimiting" name="test_rate_limit_exceeded_handler" time="0.001" /><testcase classname="tests.unit.test_security_hardening.TestRateLimiting" name="test_rate_limits_constants" time="0.000" /><testcase classname="tests.unit.test_security_hardening.TestInputValidation" name="test_secure_string_field_valid_input" time="0.000" /><testcase classname="tests.unit.test_security_hardening.TestInputValidation" name="test_secure_string_field_html_escaping" time="0.000" /><testcase classname="tests.unit.test_security_hardening.TestInputValidation" name="test_secure_string_field_length_validation" time="0.000" /><testcase classname="tests.unit.test_security_hardening.TestInputValidation" name="test_secure_string_field_null_bytes" time="0.000" /><testcase classname="tests.unit.test_security_hardening.TestInputValidation" name="test_secure_string_field_xss_patterns" time="0.000" /><testcase classname="tests.unit.test_security_hardening.TestInputValidation" name="test_secure_path_field_valid_path" time="0.000" /><testcase classname="tests.unit.test_security_hardening.TestInputValidation" name="test_secure_path_field_directory_traversal" time="0.000" /><testcase classname="tests.unit.test_security_hardening.TestInputValidation" name="test_secure_path_field_absolute_path" time="0.000" /><testcase classname="tests.unit.test_security_hardening.TestInputValidation" name="test_secure_path_field_url_encoding" time="0.000" /><testcase classname="tests.unit.test_security_hardening.TestInputValidation" name="test_secure_email_field_valid_email" time="0.000" /><testcase classname="tests.unit.test_security_hardening.TestInputValidation" name="test_secure_email_field_case_normalization" time="0.000" /><testcase classname="tests.unit.test_security_hardening.TestInputValidation" name="test_secure_email_field_invalid_format" time="0.000" /><testcase classname="tests.unit.test_security_hardening.TestInputValidation" name="test_secure_email_field_length_limits" time="0.000" /><testcase classname="tests.unit.test_security_hardening.TestInputValidation" name="test_secure_text_input_model" time="0.001" /><testcase classname="tests.unit.test_security_hardening.TestInputValidation" name="test_secure_query_params_model" time="0.000" /><testcase classname="tests.unit.test_security_hardening.TestInputValidation" name="test_sanitize_dict_values" time="0.000" /><testcase classname="tests.unit.test_security_hardening.TestSecurityHeaders" name="test_security_headers_middleware_init" time="0.000" /><testcase classname="tests.unit.test_security_hardening.TestSecurityHeaders" name="test_security_headers_added" time="0.025" /><testcase classname="tests.unit.test_security_hardening.TestSecurityHeaders" name="test_request_logging_middleware_init" time="0.000" /><testcase classname="tests.unit.test_security_hardening.TestErrorHandlers" name="test_error_handlers_module_exists" time="0.000" /><testcase classname="tests.unit.test_security_hardening.TestAuditLogging" name="test_audit_event_creation" time="0.000" /><testcase classname="tests.unit.test_security_hardening.TestAuditLogging" name="test_audit_logger_log_event" time="0.001" /><testcase classname="tests.unit.test_security_hardening.TestAuditLogging" name="test_audit_logger_authentication_event" time="0.001" /><testcase classname="tests.unit.test_security_hardening.TestAuditLogging" name="test_audit_logger_security_event" time="0.001" /><testcase classname="tests.unit.test_security_hardening.TestAuditLogging" name="test_audit_logger_api_event" time="0.001" /><testcase classname="tests.unit.test_security_hardening.TestSecurityIntegration" name="test_application_security_endpoints" time="0.028" /><testcase classname="tests.unit.test_security_hardening.TestSecurityIntegration" name="test_cors_configuration" time="0.022" /><testcase classname="tests.unit.test_security_hardening.TestSecurityIntegration" name="test_error_handling_security" time="0.004" /><testcase classname="tests.unit.test_security_hardening.TestSecurityIntegration" name="test_rate_limiting_enforcement" time="0.000"><skipped type="pytest.skip" message="Rate limiting tests require multiple requests">/home/byron/dev/PromptCraft/tests/unit/test_security_hardening.py:488: Rate limiting tests require multiple requests</skipped></testcase><testcase classname="tests.unit.test_security_hardening.TestSecurityCompliance" name="test_security_headers_compliance" time="0.004" /><testcase classname="tests.unit.test_security_hardening.TestSecurityCompliance" name="test_no_sensitive_data_in_logs" time="0.000" /><testcase classname="tests.unit.test_security_hardening.TestSecurityCompliance" name="test_input_validation_coverage" time="0.000" /><testcase classname="tests.unit.test_security_hardening.TestSecurityErrorHandlers" name="test_create_secure_error_response_development" time="0.001" /><testcase classname="tests.unit.test_security_hardening.TestSecurityErrorHandlers" name="test_create_secure_error_response_production" time="0.001" /><testcase classname="tests.unit.test_security_hardening.TestSecurityErrorHandlers" name="test_http_exception_handler" time="0.001" /><testcase classname="tests.unit.test_security_hardening.TestSecurityErrorHandlers" name="test_validation_exception_handler_development" time="0.001" /><testcase classname="tests.unit.test_security_hardening.TestSecurityErrorHandlers" name="test_validation_exception_handler_production" time="0.001" /><testcase classname="tests.unit.test_security_hardening.TestSecurityErrorHandlers" name="test_general_exception_handler" time="0.001" /><testcase classname="tests.unit.test_security_hardening.TestSecurityErrorHandlers" name="test_create_secure_http_exception" time="0.000" /><testcase classname="tests.unit.test_security_hardening.TestSecurityErrorHandlers" name="test_setup_secure_error_handlers" time="0.001" /><testcase classname="tests.unit.test_security_hardening.TestInputValidationExtended" name="test_secure_file_upload_model" time="0.000" /><testcase classname="tests.unit.test_security_hardening.TestInputValidationExtended" name="test_secure_file_upload_dangerous_filename" time="0.000" /><testcase classname="tests.unit.test_security_hardening.TestInputValidationExtended" name="test_secure_file_upload_invalid_filename_chars" time="0.000" /><testcase classname="tests.unit.test_security_hardening.TestInputValidationExtended" name="test_secure_file_upload_invalid_content_type" time="0.000" /><testcase classname="tests.unit.test_security_hardening.TestInputValidationExtended" name="test_secure_string_field_validators_direct" time="0.000" /><testcase classname="tests.unit.test_security_hardening.TestInputValidationExtended" name="test_secure_path_field_validators_direct" time="0.000" /><testcase classname="tests.unit.test_security_hardening.TestInputValidationExtended" name="test_secure_email_field_validators_direct" time="0.000" /><testcase classname="tests.unit.test_security_hardening.TestInputValidationExtended" name="test_sanitize_dict_values_complex" time="0.000" /><testcase classname="tests.unit.test_security_hardening.TestRateLimitingExtended" name="test_create_limiter_production_environment" time="0.001" /><testcase classname="tests.unit.test_security_hardening.TestRateLimitingExtended" name="test_get_rate_limit_for_endpoint" time="0.000" /><testcase classname="tests.unit.test_security_hardening.TestRateLimitingExtended" name="test_rate_limit_decorator_function" time="0.000" /><testcase classname="tests.unit.test_security_hardening.TestMiddlewareExtended" name="test_security_headers_middleware_production_csp" time="0.001" /><testcase classname="tests.unit.test_security_hardening.TestMiddlewareExtended" name="test_request_logging_middleware_slow_request" time="0.001" /><testcase classname="tests.unit.test_security_hardening.TestMiddlewareExtended" name="test_request_logging_middleware_get_client_ip_fallback" time="0.000" /><testcase classname="tests.unit.test_security_hardening.TestMiddlewareExtended" name="test_security_headers_staging_environment" time="0.000" /><testcase classname="tests.unit.test_security_hardening.TestMainEndpoints" name="test_root_endpoint" time="0.005" /><testcase classname="tests.unit.test_security_hardening.TestMainEndpoints" name="test_health_endpoint_basic" time="0.023" /><testcase classname="tests.unit.test_security_hardening.TestMainEndpoints" name="test_health_endpoint_detailed" time="0.025" /><testcase classname="tests.unit.test_security_hardening.TestMainEndpoints" name="test_input_validation_endpoint" time="0.004" /><testcase classname="tests.unit.test_security_hardening.TestMainEndpoints" name="test_input_validation_endpoint_empty" time="0.003" /><testcase classname="tests.unit.test_security_hardening.TestMainEndpoints" name="test_query_params_validation_endpoint" time="0.004" /><testcase classname="tests.unit.test_security_hardening.TestMainEndpoints" name="test_query_params_validation_invalid" time="0.004" /><testcase classname="tests.unit.test_security_hardening.TestMainEndpoints" name="test_ping_endpoint" time="0.004" /><testcase classname="tests.unit.test_security_hardening.TestMainEndpoints" name="test_configuration_health_endpoint" time="0.023" /><testcase classname="tests.unit.test_security_hardening.TestMainEndpoints" name="test_security_middleware_integration" time="0.024" /><testcase classname="tests.unit.test_security_hardening.TestMainEndpoints" name="test_cors_middleware_integration" time="0.003" /><testcase classname="tests.unit.test_security_hardening.TestMainEndpoints" name="test_rate_limiting_integration" time="0.024" /><testcase classname="tests.unit.test_security_hardening.TestMainEndpoints" name="test_error_handling_integration" time="0.004" /><testcase classname="tests.unit.test_security_hardening.TestMainEndpoints" name="test_startup_and_shutdown_events" time="0.024" /><testcase classname="tests.unit.test_security_hardening.TestConfigurationCoverage" name="test_settings_access_in_handlers" time="0.000" /><testcase classname="tests.unit.test_security_hardening.TestConfigurationCoverage" name="test_rate_limiting_redis_configuration" time="0.001" /><testcase classname="tests.unit.test_security_hardening.TestConfigurationCoverage" name="test_audit_logging_configuration" time="0.000" /><testcase classname="tests.unit.test_security_hardening.TestConfigurationCoverage" name="test_middleware_environment_detection" time="0.001" /><testcase classname="tests.unit.test_security_hardening.TestMainErrorHandling" name="test_lifespan_configuration_validation_error" time="0.001" /><testcase classname="tests.unit.test_security_hardening.TestMainErrorHandling" name="test_lifespan_unexpected_error" time="0.001" /><testcase classname="tests.unit.test_security_hardening.TestMainErrorHandling" name="test_create_app_settings_format_error" time="0.001" /><testcase classname="tests.unit.test_security_hardening.TestMainErrorHandling" name="test_create_app_general_exception" time="0.002" /><testcase classname="tests.unit.test_security_hardening.TestMainErrorHandling" name="test_health_check_unhealthy_configuration" time="0.003" /><testcase classname="tests.unit.test_security_hardening.TestMainErrorHandling" name="test_health_check_exception_handling" time="0.003" /><testcase classname="tests.unit.test_security_hardening.TestMainErrorHandling" name="test_configuration_health_validation_error_debug_mode" time="0.004" /><testcase classname="tests.unit.test_security_hardening.TestMainErrorHandling" name="test_configuration_health_validation_error_production_mode" time="0.004" /><testcase classname="tests.unit.test_security_hardening.TestMainErrorHandling" name="test_configuration_health_debug_mode_exception" time="0.003" /><testcase classname="tests.unit.test_security_hardening.TestMainErrorHandling" name="test_configuration_health_general_exception" time="0.004" /><testcase classname="tests.unit.test_security_hardening.TestMainErrorHandling" name="test_root_endpoint_fallback" time="0.003" /><testcase classname="tests.unit.test_security_hardening.TestInputValidationEdgeCases" name="test_secure_string_field_html_entities" time="0.000" /><testcase classname="tests.unit.test_security_hardening.TestInputValidationEdgeCases" name="test_secure_string_field_null_bytes" time="0.000" /><testcase classname="tests.unit.test_security_hardening.TestInputValidationEdgeCases" name="test_secure_email_field_validation" time="0.000" /><testcase classname="tests.unit.test_security_hardening.TestInputValidationEdgeCases" name="test_secure_path_field_traversal_protection" time="0.000" /><testcase classname="tests.unit.test_security_hardening.TestInputValidationEdgeCases" name="test_sanitize_dict_values" time="0.000" /><testcase classname="tests.unit.test_security_hardening.TestInputValidationEdgeCases" name="test_sanitize_dict_values_with_dangerous_content" time="0.000" /><testcase classname="tests.unit.test_security_hardening.TestAuditLoggingEdgeCases" name="test_audit_event_without_request" time="0.000" /><testcase classname="tests.unit.test_security_hardening.TestAuditLoggingEdgeCases" name="test_audit_logger_log_event_critical" time="0.000" /><testcase classname="tests.unit.test_security_hardening.TestAuditLoggingEdgeCases" name="test_audit_logger_log_event_high" time="0.000" /><testcase classname="tests.unit.test_security_hardening.TestAuditLoggingEdgeCases" name="test_audit_logger_log_event_medium" time="0.001" /><testcase classname="tests.unit.test_security_hardening.TestAuditLoggingEdgeCases" name="test_audit_logger_log_event_low" time="0.001" /><testcase classname="tests.unit.test_security_hardening.TestAuditLoggingEdgeCases" name="test_get_client_ip_with_forwarded_headers" time="0.000" /><testcase classname="tests.unit.test_security_hardening.TestAuditLoggingEdgeCases" name="test_get_client_ip_with_real_ip" time="0.000" /><testcase classname="tests.unit.test_security_hardening.TestAuditLoggingEdgeCases" name="test_get_client_ip_fallback" time="0.000" /><testcase classname="tests.unit.test_security_hardening.TestAuditLoggingEdgeCases" name="test_get_client_ip_no_client" time="0.000" /><testcase classname="tests.unit.test_security_hardening.TestAuditLoggingEdgeCases" name="test_secure_string_field_length_limit" time="0.000" /><testcase classname="tests.unit.test_security_hardening.TestAuditLoggingEdgeCases" name="test_secure_path_field_absolute_windows_path" time="0.000" /><testcase classname="tests.unit.test_security_hardening.TestAuditLoggingEdgeCases" name="test_secure_path_field_dangerous_characters" time="0.000" /><testcase classname="tests.unit.test_security_hardening.TestAuditLoggingEdgeCases" name="test_secure_email_field_length_validation" time="0.000" /><testcase classname="tests.unit.test_security_hardening.TestAuditLoggingEdgeCases" name="test_additional_string_validation_patterns" time="0.000" /><testcase classname="tests.unit.test_security_hardening.TestAuditLoggingEdgeCases" name="test_secure_string_field_non_string_input" time="0.000" /><testcase classname="tests.unit.test_security_hardening.TestAuditLoggingEdgeCases" name="test_sanitize_dict_values_nested" time="0.000" /><testcase classname="tests.unit.test_security_hardening.TestRateLimitingEdgeCases" name="test_get_client_identifier_malformed_forwarded_for" time="0.000" /><testcase classname="tests.unit.test_security_hardening.TestRateLimitingEdgeCases" name="test_rate_limit_handler_details" time="0.001" /><testcase classname="tests.unit.test_security_hardening.TestLifespanCoverage" name="test_lifespan_successful_startup_shutdown" time="0.001" /><testcase classname="tests.unit.test_security_hardening.TestLifespanCoverage" name="test_lifespan_configuration_validation_error_with_audit" time="0.001" /><testcase classname="tests.unit.test_security_hardening.TestLifespanCoverage" name="test_lifespan_unexpected_error_with_audit" time="0.001" /><testcase classname="tests.unit.test_security_hardening.TestMainApplicationEndpoints" name="test_validate_input_endpoint_coverage" time="0.004" /><testcase classname="tests.unit.test_security_hardening.TestMainApplicationEndpoints" name="test_search_endpoint_parameter_validation" time="0.004" /><testcase classname="tests.unit.test_security_hardening.TestMainScriptExecution" name="test_main_script_configuration_error" time="0.002" /><testcase classname="tests.unit.test_security_hardening.TestMainScriptExecution" name="test_main_script_os_error" time="0.009" /><testcase classname="tests.unit.test_security_hardening.TestCreateAppEdgeCases" name="test_create_app_with_type_error" time="0.002" /><testcase classname="tests.unit.test_security_hardening.TestCreateAppEdgeCases" name="test_create_app_with_attribute_error" time="0.002" /><testcase classname="tests.unit.test_security_hardening.TestCreateAppEdgeCases" name="test_create_app_cors_configuration_environments" time="0.001" /><testcase classname="tests.unit.test_security_hardening.TestCoverageImprovements" name="test_additional_input_validation_coverage" time="0.000" /><testcase classname="tests.unit.test_security_hardening.TestCoverageImprovements" name="test_audit_logging_convenience_functions_coverage" time="0.001" /><testcase classname="tests.unit.test_security_hardening.TestCoverageImprovements" name="test_error_handlers_no_headers_branch" time="0.000" /><testcase classname="tests.unit.test_security_hardening.TestCoverageImprovements" name="test_input_validation_missing_branches" time="0.000" /><testcase classname="tests.unit.test_security_hardening.TestCoverageImprovements" name="test_settings_validation_error_edge_cases" time="0.004" /><testcase classname="tests.unit.test_security_hardening.TestCoverageImprovements" name="test_configuration_health_endpoint_normal_execution" time="0.003" /><testcase classname="tests.unit.test_security_hardening.TestCoverageImprovements" name="test_search_endpoint_with_depends_query_params" time="0.000" /><testcase classname="tests.unit.test_security_hardening.TestConfigurationModuleCoverage" name="test_health_configuration_error_scenarios" time="0.001" /><testcase classname="tests.unit.test_security_hardening.TestConfigurationModuleCoverage" name="test_settings_module_edge_cases" time="0.001" /><testcase classname="tests.unit.test_security_hardening.TestConfigurationModuleCoverage" name="test_settings_validation_comprehensive" time="0.000" /><testcase classname="tests.unit.test_security_hardening.TestUtilsModuleCoverage" name="test_encryption_module_basic_imports" time="0.000" /><testcase classname="tests.unit.test_security_hardening.TestUtilsModuleCoverage" name="test_encryption_gpg_key_validation" time="0.011" /><testcase classname="tests.unit.test_security_hardening.TestUtilsModuleCoverage" name="test_encryption_ssh_key_validation" time="0.001" /><testcase classname="tests.unit.test_security_hardening.TestAdditionalSecurityCoverage" name="test_rate_limiting_environment_specific_creation" time="0.003" /><testcase classname="tests.unit.test_security_hardening.TestAdditionalSecurityCoverage" name="test_middleware_environment_variations" time="0.001" /><testcase classname="tests.unit.test_security_hardening.TestAdditionalSecurityCoverage" name="test_input_validation_comprehensive_edge_cases" time="0.000" /><testcase classname="tests.unit.test_security_hardening.TestAdditionalSecurityCoverage" name="test_audit_logging_comprehensive_scenarios" time="0.000" /><testcase classname="tests.unit.test_setup_validator.TestSetupValidator" name="test_validate_system_requirements_valid" time="0.000" /><testcase classname="tests.unit.test_setup_validator.TestSetupValidator" name="test_validate_system_requirements_invalid_python" time="0.000" /><testcase classname="tests.unit.test_setup_validator.TestSetupValidator" name="test_validate_system_requirements_minimum_valid" time="0.000" /><testcase classname="tests.unit.test_setup_validator.TestSetupValidator" name="test_validate_environment_setup" time="0.010" /><testcase classname="tests.unit.test_setup_validator.TestSetupValidator" name="test_validate_system_requirements_success" time="0.000" /><testcase classname="tests.unit.test_setup_validator.TestSetupValidator" name="test_validate_system_requirements_python_failure" time="0.000" /><testcase classname="tests.unit.test_setup_validator.TestSetupValidator" name="test_validate_system_requirements_imports" time="0.000" /><testcase classname="tests.unit.test_setup_validator.TestSetupValidator" name="test_validate_startup_configuration_basic" time="0.010" /><testcase classname="tests.unit.test_setup_validator.TestSetupValidator" name="test_run_startup_checks_success" time="0.001" /><testcase classname="tests.unit.test_setup_validator.TestSetupValidator" name="test_run_startup_checks_system_failure" time="0.011" /><testcase classname="tests.unit.test_setup_validator.TestEnvironmentValidation" name="test_environment_validation_types" time="0.010" /><testcase classname="tests.unit.test_setup_validator.TestEnvironmentValidation" name="test_system_requirements_basic" time="0.000" /><testcase classname="tests.unit.test_setup_validator.TestEdgeCases" name="test_python_version_edge_cases" time="0.000" /><testcase classname="tests.unit.test_setup_validator.TestEdgeCases" name="test_validation_robustness" time="0.011" /><testcase classname="tests.unit.test_setup_validator.TestEdgeCases" name="test_startup_configuration_with_none" time="0.011" /><testcase classname="tests.unit.test_template_system_core.TestTemplateManager" name="test_init_with_valid_directory" time="0.001" /><testcase classname="tests.unit.test_template_system_core.TestTemplateManager" name="test_init_with_nonexistent_directory" time="0.001" /><testcase classname="tests.unit.test_template_system_core.TestTemplateManager" name="test_load_valid_template" time="0.002" /><testcase classname="tests.unit.test_template_system_core.TestTemplateManager" name="test_load_invalid_yaml" time="0.001" /><testcase classname="tests.unit.test_template_system_core.TestTemplateManager" name="test_get_template_existing" time="0.002" /><testcase classname="tests.unit.test_template_system_core.TestTemplateManager" name="test_get_template_nonexistent" time="0.001" /><testcase classname="tests.unit.test_template_system_core.TestTemplateManager" name="test_list_templates" time="0.003" /><testcase classname="tests.unit.test_template_system_core.TestTemplateManager" name="test_get_templates_by_type" time="0.003" /><testcase classname="tests.unit.test_template_system_core.TestTemplateManager" name="test_validate_template_valid" time="0.001" /><testcase classname="tests.unit.test_template_system_core.TestTemplateManager" name="test_validate_template_invalid" time="0.001" /><testcase classname="tests.unit.test_template_system_core.TestTemplateManager" name="test_create_template_structure" time="0.001" /><testcase classname="tests.unit.test_template_system_core.TestTemplateProcessor" name="test_process_template_success" time="0.002" /><testcase classname="tests.unit.test_template_system_core.TestTemplateProcessor" name="test_process_template_missing_template" time="0.002" /><testcase classname="tests.unit.test_template_system_core.TestTemplateProcessor" name="test_process_template_missing_variables" time="0.002" /><testcase classname="tests.unit.test_template_system_core.TestTemplateProcessor" name="test_validate_variables_success" time="0.002" /><testcase classname="tests.unit.test_template_system_core.TestTemplateProcessor" name="test_validate_variables_missing_required" time="0.002" /><testcase classname="tests.unit.test_template_system_core.TestTemplateProcessor" name="test_validate_variables_nonexistent_template" time="0.002" /><testcase classname="tests.unit.test_template_system_core.TestTemplateProcessor" name="test_get_template_info" time="0.002" /><testcase classname="tests.unit.test_template_system_core.TestTemplateProcessor" name="test_get_template_info_nonexistent" time="0.002" /><testcase classname="tests.unit.test_template_system_core.TestTemplateSchema" name="test_valid_schema" time="0.000" /><testcase classname="tests.unit.test_template_system_core.TestTemplateSchema" name="test_invalid_schema_missing_required" time="0.000" /><testcase classname="tests.unit.test_template_system_core.TestTemplateSchema" name="test_schema_with_defaults" time="0.000" /><testcase classname="tests.unit.test_template_system_core.TestTemplateType" name="test_enum_values" time="0.000" /><testcase classname="tests.unit.test_template_system_core.TestTemplateType" name="test_enum_membership" time="0.000" /><testcase classname="tests.unit.test_text_processor_comprehensive.TestTextProcessorAgent" name="test_initialization_default_config" time="0.001" /><testcase classname="tests.unit.test_text_processor_comprehensive.TestTextProcessorAgent" name="test_initialization_custom_config" time="0.000" /><testcase classname="tests.unit.test_text_processor_comprehensive.TestTextProcessorAgent" name="test_configuration_validation_invalid_max_words" time="0.000" /><testcase classname="tests.unit.test_text_processor_comprehensive.TestTextProcessorAgent" name="test_configuration_validation_invalid_min_words" time="0.000" /><testcase classname="tests.unit.test_text_processor_comprehensive.TestTextProcessorAgent" name="test_configuration_validation_invalid_operations_type" time="0.000" /><testcase classname="tests.unit.test_text_processor_comprehensive.TestTextProcessorAgent" name="test_configuration_validation_invalid_operation" time="0.001" /><testcase classname="tests.unit.test_text_processor_comprehensive.TestTextProcessorAgent" name="test_analyze_operation_basic" time="0.001" /><testcase classname="tests.unit.test_text_processor_comprehensive.TestTextProcessorAgent" name="test_analyze_operation_with_sentiment" time="0.001" /><testcase classname="tests.unit.test_text_processor_comprehensive.TestTextProcessorAgent" name="test_clean_operation" time="0.001" /><testcase classname="tests.unit.test_text_processor_comprehensive.TestTextProcessorAgent" name="test_transform_operation_uppercase" time="0.001" /><testcase classname="tests.unit.test_text_processor_comprehensive.TestTextProcessorAgent" name="test_transform_operation_lowercase" time="0.001" /><testcase classname="tests.unit.test_text_processor_comprehensive.TestTextProcessorAgent" name="test_transform_operation_title" time="0.001" /><testcase classname="tests.unit.test_text_processor_comprehensive.TestTextProcessorAgent" name="test_transform_operation_sentence" time="0.001" /><testcase classname="tests.unit.test_text_processor_comprehensive.TestTextProcessorAgent" name="test_transform_operation_default_type" time="0.001" /><testcase classname="tests.unit.test_text_processor_comprehensive.TestTextProcessorAgent" name="test_transform_operation_invalid_type" time="0.001" /><testcase classname="tests.unit.test_text_processor_comprehensive.TestTextProcessorAgent" name="test_sentiment_operation_positive" time="0.001" /><testcase classname="tests.unit.test_text_processor_comprehensive.TestTextProcessorAgent" name="test_sentiment_operation_negative" time="0.001" /><testcase classname="tests.unit.test_text_processor_comprehensive.TestTextProcessorAgent" name="test_sentiment_operation_neutral" time="0.001" /><testcase classname="tests.unit.test_text_processor_comprehensive.TestTextProcessorAgent" name="test_default_operation" time="0.001" /><testcase classname="tests.unit.test_text_processor_comprehensive.TestTextProcessorAgent" name="test_operation_not_allowed" time="0.001" /><testcase classname="tests.unit.test_text_processor_comprehensive.TestTextProcessorAgent" name="test_unknown_operation" time="0.001" /><testcase classname="tests.unit.test_text_processor_comprehensive.TestTextProcessorAgent" name="test_input_validation_too_short" time="0.001" /><testcase classname="tests.unit.test_text_processor_comprehensive.TestTextProcessorAgent" name="test_input_validation_too_long" time="0.001" /><testcase classname="tests.unit.test_text_processor_comprehensive.TestTextProcessorAgent" name="test_statistics_tracking" time="0.001" /><testcase classname="tests.unit.test_text_processor_comprehensive.TestTextProcessorAgent" name="test_get_capabilities" time="0.000" /><testcase classname="tests.unit.test_text_processor_comprehensive.TestTextProcessorAgent" name="test_get_status_initial" time="0.000" /><testcase classname="tests.unit.test_text_processor_comprehensive.TestTextProcessorAgent" name="test_get_status_after_processing" time="0.001" /><testcase classname="tests.unit.test_text_processor_comprehensive.TestTextProcessorAgent" name="test_most_common_words_functionality" time="0.000" /><testcase classname="tests.unit.test_text_processor_comprehensive.TestTextProcessorAgent" name="test_readability_calculation" time="0.000" /><testcase classname="tests.unit.test_text_processor_comprehensive.TestTextProcessorAgent" name="test_readability_calculation_empty_input" time="0.000" /><testcase classname="tests.unit.test_text_processor_comprehensive.TestTextProcessorAgent" name="test_format_analysis_comprehensive" time="0.000" /><testcase classname="tests.unit.test_text_processor_comprehensive.TestTextProcessorAgent" name="test_format_analysis_minimal" time="0.000" /><testcase classname="tests.unit.test_text_processor_comprehensive.TestTextProcessorAgent" name="test_no_context_provided" time="0.001" /><testcase classname="tests.unit.test_text_processor_comprehensive.TestTextProcessorAgent" name="test_exception_handling_in_execute" time="0.001" /><testcase classname="tests.unit.test_text_processor_comprehensive.TestTextProcessorAgent" name="test_registry_registration" time="0.000" /><testcase classname="tests.unit.test_text_processor_comprehensive.TestTextProcessorAgent" name="test_edge_case_empty_words_sentiment" time="0.001" /><testcase classname="tests.unit.test_text_processor_comprehensive.TestTextProcessorAgent" name="test_edge_case_single_word_analysis" time="0.001" /><testcase classname="tests.unit.test_validation.TestValidationModule" name="test_validate_configuration_on_startup_success" time="0.001" /><testcase classname="tests.unit.test_validation.TestValidationModule" name="test_validate_configuration_on_startup_failure" time="0.001" /><testcase classname="tests.unit.test_vector_store.TestVectorStoreModels" name="test_vector_document_creation" time="0.000" /><testcase classname="tests.unit.test_vector_store.TestVectorStoreModels" name="test_search_parameters_validation" time="0.000" /><testcase classname="tests.unit.test_vector_store.TestVectorStoreModels" name="test_search_parameters_defaults" time="0.000" /><testcase classname="tests.unit.test_vector_store.TestVectorStoreModels" name="test_search_result_creation" time="0.000" /><testcase classname="tests.unit.test_vector_store.TestVectorStoreModels" name="test_batch_operation_result" time="0.000" /><testcase classname="tests.unit.test_vector_store.TestVectorStoreModels" name="test_health_check_result" time="0.000" /><testcase classname="tests.unit.test_vector_store.TestVectorStoreMetrics" name="test_metrics_initialization" time="0.000" /><testcase classname="tests.unit.test_vector_store.TestVectorStoreMetrics" name="test_search_metrics_update" time="0.000" /><testcase classname="tests.unit.test_vector_store.TestVectorStoreMetrics" name="test_insert_metrics_update" time="0.000" /><testcase classname="tests.unit.test_vector_store.TestVectorStoreMetrics" name="test_combined_metrics_update" time="0.000" /><testcase classname="tests.unit.test_vector_store.TestVectorStoreMetrics" name="test_error_count_increment" time="0.000" /><testcase classname="tests.unit.test_vector_store.TestEnhancedMockVectorStore" name="test_connection_lifecycle" time="0.109" /><testcase classname="tests.unit.test_vector_store.TestEnhancedMockVectorStore" name="test_health_check_connected" time="0.110" /><testcase classname="tests.unit.test_vector_store.TestEnhancedMockVectorStore" name="test_health_check_disconnected" time="0.001" /><testcase classname="tests.unit.test_vector_store.TestEnhancedMockVectorStore" name="test_basic_search" time="0.109" /><testcase classname="tests.unit.test_vector_store.TestEnhancedMockVectorStore" name="test_search_with_filters" time="0.103" /><testcase classname="tests.unit.test_vector_store.TestEnhancedMockVectorStore" name="test_search_score_threshold" time="0.105" /><testcase classname="tests.unit.test_vector_store.TestEnhancedMockVectorStore" name="test_search_different_strategies" time="0.106" /><testcase classname="tests.unit.test_vector_store.TestEnhancedMockVectorStore" name="test_insert_documents" time="0.108" /><testcase classname="tests.unit.test_vector_store.TestEnhancedMockVectorStore" name="test_insert_creates_collection" time="0.103" /><testcase classname="tests.unit.test_vector_store.TestEnhancedMockVectorStore" name="test_update_document" time="0.103" /><testcase classname="tests.unit.test_vector_store.TestEnhancedMockVectorStore" name="test_update_nonexistent_document" time="0.105" /><testcase classname="tests.unit.test_vector_store.TestEnhancedMockVectorStore" name="test_delete_documents" time="0.103" /><testcase classname="tests.unit.test_vector_store.TestEnhancedMockVectorStore" name="test_delete_nonexistent_documents" time="0.103" /><testcase classname="tests.unit.test_vector_store.TestEnhancedMockVectorStore" name="test_create_collection" time="0.103" /><testcase classname="tests.unit.test_vector_store.TestEnhancedMockVectorStore" name="test_create_existing_collection" time="0.103" /><testcase classname="tests.unit.test_vector_store.TestEnhancedMockVectorStore" name="test_list_collections" time="0.102" /><testcase classname="tests.unit.test_vector_store.TestEnhancedMockVectorStore" name="test_get_collection_info" time="0.102" /><testcase classname="tests.unit.test_vector_store.TestEnhancedMockVectorStore" name="test_get_nonexistent_collection_info" time="0.103" /><testcase classname="tests.unit.test_vector_store.TestEnhancedMockVectorStore" name="test_metrics_tracking" time="0.106" /><testcase classname="tests.unit.test_vector_store.TestEnhancedMockVectorStore" name="test_error_simulation" time="0.103" /><testcase classname="tests.unit.test_vector_store.TestEnhancedMockVectorStore" name="test_circuit_breaker_functionality" time="0.608" /><testcase classname="tests.unit.test_vector_store.TestMockVectorStoreCompatibility" name="test_mock_vector_store_creation" time="0.203" /><testcase classname="tests.unit.test_vector_store.TestMockVectorStoreCompatibility" name="test_legacy_search_interface" time="0.170" /><testcase classname="tests.unit.test_vector_store.TestMockVectorStoreCompatibility" name="test_legacy_add_documents_interface" time="0.266" /><testcase classname="tests.unit.test_vector_store.TestVectorStoreFactory" name="test_create_mock_store" time="0.000" /><testcase classname="tests.unit.test_vector_store.TestVectorStoreFactory" name="test_create_qdrant_store" time="0.000" /><testcase classname="tests.unit.test_vector_store.TestVectorStoreFactory" name="test_auto_detect_mock" time="0.000" /><testcase classname="tests.unit.test_vector_store.TestVectorStoreFactory" name="test_invalid_store_type" time="0.000" /><testcase classname="tests.unit.test_vector_store.TestVectorStoreConnection" name="test_connection_context_manager" time="0.102" /><testcase classname="tests.unit.test_vector_store.TestVectorStoreConnection" name="test_connection_cleanup" time="0.104" /><testcase classname="tests.unit.test_vector_store.TestQdrantVectorStore" name="test_qdrant_connection_without_client" time="0.001" /><testcase classname="tests.unit.test_vector_store.TestQdrantVectorStore" name="test_qdrant_connection_success" time="0.000"><skipped type="pytest.skip" message="Tracemalloc issue with pytest internal error handling">/home/byron/dev/PromptCraft/tests/unit/test_vector_store.py:660: Tracemalloc issue with pytest internal error handling</skipped></testcase><testcase classname="tests.unit.test_vector_store.TestQdrantVectorStore" name="test_qdrant_health_check_healthy" time="0.001" /><testcase classname="tests.unit.test_vector_store.TestQdrantVectorStore" name="test_qdrant_health_check_no_client" time="0.001" /><testcase classname="tests.unit.test_vector_store.TestQdrantVectorStore" name="test_qdrant_search_no_client" time="0.000"><skipped type="pytest.skip" message="Interface delegation to factory causes test interference">/home/byron/dev/PromptCraft/tests/unit/test_vector_store.py:712: Interface delegation to factory causes test interference</skipped></testcase><testcase classname="tests.unit.test_vector_store.TestQdrantVectorStore" name="test_qdrant_configuration" time="0.000" /><testcase classname="tests.unit.test_vector_store.TestIntegrationWithHydeProcessor" name="test_hyde_processor_integration" time="0.834" /><testcase classname="tests.unit.test_vector_store.TestIntegrationWithHydeProcessor" name="test_hypothetical_document_conversion" time="0.314" /><testcase classname="tests.unit.test_vector_store.TestPerformanceAndStress" name="test_large_batch_insert" time="0.121" /><testcase classname="tests.unit.test_vector_store.TestPerformanceAndStress" name="test_concurrent_operations" time="0.103" /><testcase classname="tests.unit.test_zen_mcp_error_handling.TestCircuitBreakerStrategy" name="test_circuit_breaker_closed_state" time="0.001" /><testcase classname="tests.unit.test_zen_mcp_error_handling.TestCircuitBreakerStrategy" name="test_circuit_breaker_opens_on_failures" time="0.002" /><testcase classname="tests.unit.test_zen_mcp_error_handling.TestCircuitBreakerStrategy" name="test_circuit_breaker_open_state_blocks_calls" time="0.001" /><testcase classname="tests.unit.test_zen_mcp_error_handling.TestCircuitBreakerStrategy" name="test_circuit_breaker_half_open_recovery" time="0.001" /><testcase classname="tests.unit.test_zen_mcp_error_handling.TestCircuitBreakerStrategy" name="test_circuit_breaker_half_open_failure_reopens" time="0.001" /><testcase classname="tests.unit.test_zen_mcp_error_handling.TestCircuitBreakerStrategy" name="test_circuit_breaker_should_attempt_reset" time="0.000" /><testcase classname="tests.unit.test_zen_mcp_error_handling.TestCircuitBreakerStrategy" name="test_circuit_breaker_health_status" time="0.000" /><testcase classname="tests.unit.test_zen_mcp_error_handling.TestRetryStrategy" name="test_retry_strategy_success_on_first_try" time="0.001" /><testcase classname="tests.unit.test_zen_mcp_error_handling.TestRetryStrategy" name="test_retry_strategy_success_after_retries" time="0.031" /><testcase classname="tests.unit.test_zen_mcp_error_handling.TestRetryStrategy" name="test_retry_strategy_all_retries_fail" time="0.087" /><testcase classname="tests.unit.test_zen_mcp_error_handling.TestRetryStrategy" name="test_retry_strategy_calculate_delay" time="0.001" /><testcase classname="tests.unit.test_zen_mcp_error_handling.TestRetryStrategy" name="test_retry_strategy_health_status" time="0.000" /><testcase classname="tests.unit.test_zen_mcp_error_handling.TestRetryStrategy" name="test_retry_strategy_non_retryable_exception" time="0.001" /><testcase classname="tests.unit.test_zen_mcp_error_handling.TestCompositeResilienceHandler" name="test_handler_primary_success" time="0.001" /><testcase classname="tests.unit.test_zen_mcp_error_handling.TestCompositeResilienceHandler" name="test_handler_fallback_success" time="0.805" /><testcase classname="tests.unit.test_zen_mcp_error_handling.TestCompositeResilienceHandler" name="test_handler_fallback_failure" time="0.968" /><testcase classname="tests.unit.test_zen_mcp_error_handling.TestCompositeResilienceHandler" name="test_handler_health_status" time="0.001" /><testcase classname="tests.unit.test_zen_mcp_error_handling.TestMockZenMCPClient" name="test_mock_client_success" time="0.001" /><testcase classname="tests.unit.test_zen_mcp_error_handling.TestMockZenMCPClient" name="test_mock_client_failure" time="0.001" /><testcase classname="tests.unit.test_zen_mcp_error_handling.TestMockZenMCPClient" name="test_mock_client_call_count" time="0.001" /><testcase classname="tests.unit.test_zen_mcp_error_handling.TestMockZenMCPClient" name="test_mock_client_invalid_failure_rate" time="0.001" /><testcase classname="tests.unit.test_zen_mcp_error_handling.TestZenMCPIntegration" name="test_integration_enhance_prompt_success" time="0.001" /><testcase classname="tests.unit.test_zen_mcp_error_handling.TestZenMCPIntegration" name="test_integration_enhance_prompt_fallback" time="0.853" /><testcase classname="tests.unit.test_zen_mcp_error_handling.TestZenMCPIntegration" name="test_integration_get_circuit_breaker_state" time="0.001" /><testcase classname="tests.unit.test_zen_mcp_error_handling.TestZenMCPIntegration" name="test_integration_get_failure_count" time="0.001" /><testcase classname="tests.unit.test_zen_mcp_error_handling.TestZenMCPIntegration" name="test_integration_health_status" time="0.001" /><testcase classname="tests.unit.test_zen_mcp_error_handling.TestFactoryFunctions" name="test_create_default_integration" time="0.000" /><testcase classname="tests.unit.test_zen_mcp_error_handling.TestFactoryFunctions" name="test_create_high_availability_integration" time="0.000" /><testcase classname="tests.unit.test_zen_mcp_error_handling.TestFactoryFunctions" name="test_create_fast_fail_integration" time="0.000" /><testcase classname="tests.unit.test_zen_mcp_error_handling.TestConfiguration" name="test_circuit_breaker_config_defaults" time="0.000" /><testcase classname="tests.unit.test_zen_mcp_error_handling.TestConfiguration" name="test_circuit_breaker_config_custom" time="0.000" /><testcase classname="tests.unit.test_zen_mcp_error_handling.TestConfiguration" name="test_circuit_breaker_config_validation" time="0.000" /><testcase classname="tests.unit.test_zen_mcp_error_handling.TestConfiguration" name="test_retry_config_defaults" time="0.000" /><testcase classname="tests.unit.test_zen_mcp_error_handling.TestConfiguration" name="test_retry_config_custom" time="0.000" /><testcase classname="tests.unit.test_zen_mcp_error_handling.TestConfiguration" name="test_retry_config_validation" time="0.000" /><testcase classname="tests.unit.test_zen_mcp_error_handling.TestSecureRandomIntegration" name="test_retry_strategy_uses_secure_random" time="0.001" /><testcase classname="tests.unit.test_zen_mcp_error_handling.TestSecureRandomIntegration" name="test_mock_client_uses_secure_random" time="0.002" /></testsuite></testsuites>
